Component: ARM Compiler 5.06 update 7 (build 960) Tool: armlink [4d3601]

==============================================================================

Section Cross References

    startup_stm32h750xx.o(RESET) refers to startup_stm32h750xx.o(STACK) for __initial_sp
    startup_stm32h750xx.o(RESET) refers to startup_stm32h750xx.o(.text) for Reset_Handler
    startup_stm32h750xx.o(RESET) refers to stm32h7xx_it.o(i.NMI_Handler) for NMI_Handler
    startup_stm32h750xx.o(RESET) refers to stm32h7xx_it.o(i.HardFault_Handler) for HardFault_Handler
    startup_stm32h750xx.o(RESET) refers to stm32h7xx_it.o(i.MemManage_Handler) for MemManage_Handler
    startup_stm32h750xx.o(RESET) refers to stm32h7xx_it.o(i.BusFault_Handler) for BusFault_Handler
    startup_stm32h750xx.o(RESET) refers to stm32h7xx_it.o(i.UsageFault_Handler) for UsageFault_Handler
    startup_stm32h750xx.o(RESET) refers to stm32h7xx_it.o(i.SVC_Handler) for SVC_Handler
    startup_stm32h750xx.o(RESET) refers to stm32h7xx_it.o(i.DebugMon_Handler) for DebugMon_Handler
    startup_stm32h750xx.o(RESET) refers to stm32h7xx_it.o(i.PendSV_Handler) for PendSV_Handler
    startup_stm32h750xx.o(RESET) refers to stm32h7xx_it.o(i.SysTick_Handler) for SysTick_Handler
    startup_stm32h750xx.o(RESET) refers to stm32h7xx_it.o(i.FLASH_IRQHandler) for FLASH_IRQHandler
    startup_stm32h750xx.o(RESET) refers to stm32h7xx_it.o(i.DMA1_Stream0_IRQHandler) for DMA1_Stream0_IRQHandler
    startup_stm32h750xx.o(RESET) refers to stm32h7xx_it.o(i.DMA1_Stream1_IRQHandler) for DMA1_Stream1_IRQHandler
    startup_stm32h750xx.o(RESET) refers to stm32h7xx_it.o(i.TIM1_UP_IRQHandler) for TIM1_UP_IRQHandler
    startup_stm32h750xx.o(RESET) refers to stm32h7xx_it.o(i.USART1_IRQHandler) for USART1_IRQHandler
    startup_stm32h750xx.o(RESET) refers to stm32h7xx_it.o(i.USART2_IRQHandler) for USART2_IRQHandler
    startup_stm32h750xx.o(RESET) refers to stm32h7xx_it.o(i.SDMMC1_IRQHandler) for SDMMC1_IRQHandler
    startup_stm32h750xx.o(RESET) refers to stm32h7xx_it.o(i.SPI4_IRQHandler) for SPI4_IRQHandler
    startup_stm32h750xx.o(RESET) refers to stm32h7xx_it.o(i.OTG_FS_IRQHandler) for OTG_FS_IRQHandler
    startup_stm32h750xx.o(.text) refers to system_stm32h7xx.o(i.SystemInit) for SystemInit
    startup_stm32h750xx.o(.text) refers to entry.o(.ARM.Collect$$$$00000000) for __main
    main.o(i.HAL_TIM_PeriodElapsedCallback) refers to main.o(i.sendBinaryData) for sendBinaryData
    main.o(i.HAL_TIM_PeriodElapsedCallback) refers to sdmmc.o(i.BSP_SD_WriteBlocks) for BSP_SD_WriteBlocks
    main.o(i.HAL_TIM_PeriodElapsedCallback) refers to stm32h7xx_hal_gpio.o(i.HAL_GPIO_TogglePin) for HAL_GPIO_TogglePin
    main.o(i.HAL_TIM_PeriodElapsedCallback) refers to main.o(.data) for .data
    main.o(i.HAL_TIM_PeriodElapsedCallback) refers to main.o(.bss) for .bss
    main.o(i.HAL_TIM_PeriodElapsedCallback) refers to usart.o(.bss) for huart1
    main.o(i.MPU_Config) refers to stm32h7xx_hal_cortex.o(i.HAL_MPU_Disable) for HAL_MPU_Disable
    main.o(i.MPU_Config) refers to stm32h7xx_hal_cortex.o(i.HAL_MPU_ConfigRegion) for HAL_MPU_ConfigRegion
    main.o(i.MPU_Config) refers to stm32h7xx_hal_cortex.o(i.HAL_MPU_Enable) for HAL_MPU_Enable
    main.o(i.PeriphCommonClock_Config) refers to memseta.o(.text) for __aeabi_memclr4
    main.o(i.PeriphCommonClock_Config) refers to stm32h7xx_hal_rcc_ex.o(i.HAL_RCCEx_PeriphCLKConfig) for HAL_RCCEx_PeriphCLKConfig
    main.o(i.SystemClock_Config) refers to memseta.o(.text) for __aeabi_memclr4
    main.o(i.SystemClock_Config) refers to stm32h7xx_hal_pwr_ex.o(i.HAL_PWREx_ConfigSupply) for HAL_PWREx_ConfigSupply
    main.o(i.SystemClock_Config) refers to stm32h7xx_hal_pwr.o(i.HAL_PWR_EnableBkUpAccess) for HAL_PWR_EnableBkUpAccess
    main.o(i.SystemClock_Config) refers to stm32h7xx_hal.o(i.HAL_GetREVID) for HAL_GetREVID
    main.o(i.SystemClock_Config) refers to stm32h7xx_hal_rcc.o(i.HAL_RCC_OscConfig) for HAL_RCC_OscConfig
    main.o(i.SystemClock_Config) refers to stm32h7xx_hal_rcc.o(i.HAL_RCC_ClockConfig) for HAL_RCC_ClockConfig
    main.o(i.main) refers to main.o(i.MPU_Config) for MPU_Config
    main.o(i.main) refers to stm32h7xx_hal.o(i.HAL_Init) for HAL_Init
    main.o(i.main) refers to main.o(i.SystemClock_Config) for SystemClock_Config
    main.o(i.main) refers to main.o(i.PeriphCommonClock_Config) for PeriphCommonClock_Config
    main.o(i.main) refers to gpio.o(i.MX_GPIO_Init) for MX_GPIO_Init
    main.o(i.main) refers to dma.o(i.MX_DMA_Init) for MX_DMA_Init
    main.o(i.main) refers to rtc.o(i.MX_RTC_Init) for MX_RTC_Init
    main.o(i.main) refers to spi.o(i.MX_SPI4_Init) for MX_SPI4_Init
    main.o(i.main) refers to usart.o(i.MX_USART1_UART_Init) for MX_USART1_UART_Init
    main.o(i.main) refers to usb_device.o(i.MX_USB_DEVICE_Init) for MX_USB_DEVICE_Init
    main.o(i.main) refers to adc.o(i.MX_ADC1_Init) for MX_ADC1_Init
    main.o(i.main) refers to adc.o(i.MX_ADC3_Init) for MX_ADC3_Init
    main.o(i.main) refers to tim.o(i.MX_TIM1_Init) for MX_TIM1_Init
[...]
    HAL_SD_GetCardState                      0x08005b21   Thumb Code    44  stm32h7xx_hal_sd.o(i.HAL_SD_GetCardState)
    HAL_SD_GetCardStatus                     0x08005b4d   Thumb Code   198  stm32h7xx_hal_sd.o(i.HAL_SD_GetCardStatus)
    HAL_SD_IRQHandler                        0x08005c19   Thumb Code   570  stm32h7xx_hal_sd.o(i.HAL_SD_IRQHandler)
    HAL_SD_Init                              0x08005e59   Thumb Code   154  stm32h7xx_hal_sd.o(i.HAL_SD_Init)
    HAL_SD_InitCard                          0x08005ef5   Thumb Code   158  stm32h7xx_hal_sd.o(i.HAL_SD_InitCard)
    HAL_SD_MspInit                           0x08005fa1   Thumb Code   178  sdmmc.o(i.HAL_SD_MspInit)
    HAL_SD_RxCpltCallback                    0x08006065   Thumb Code    20  sdmmc.o(i.HAL_SD_RxCpltCallback)
    HAL_SD_TxCpltCallback                    0x0800607d   Thumb Code    20  sdmmc.o(i.HAL_SD_TxCpltCallback)
    HAL_SD_WriteBlocks                       0x08006095   Thumb Code   466  stm32h7xx_hal_sd.o(i.HAL_SD_WriteBlocks)
    HAL_SPI_ErrorCallback                    0x08006271   Thumb Code     2  stm32h7xx_hal_spi.o(i.HAL_SPI_ErrorCallback)
    HAL_SPI_IRQHandler                       0x08006275   Thumb Code   536  stm32h7xx_hal_spi.o(i.HAL_SPI_IRQHandler)
    HAL_SPI_Init                             0x08006491   Thumb Code   366  stm32h7xx_hal_spi.o(i.HAL_SPI_Init)
    HAL_SPI_MspInit                          0x0800660d   Thumb Code   180  spi.o(i.HAL_SPI_MspInit)
    HAL_SPI_RxCpltCallback                   0x080066d1   Thumb Code     2  stm32h7xx_hal_spi.o(i.HAL_SPI_RxCpltCallback)
    HAL_SPI_SuspendCallback                  0x080066d3   Thumb Code     2  stm32h7xx_hal_spi.o(i.HAL_SPI_SuspendCallback)
    HAL_SPI_Transmit                         0x080066d5   Thumb Code   568  stm32h7xx_hal_spi.o(i.HAL_SPI_Transmit)
    HAL_SPI_TxCpltCallback                   0x0800690d   Thumb Code     2  stm32h7xx_hal_spi.o(i.HAL_SPI_TxCpltCallback)
    HAL_SPI_TxRxCpltCallback                 0x0800690f   Thumb Code     2  stm32h7xx_hal_spi.o(i.HAL_SPI_TxRxCpltCallback)
    HAL_SYSCFG_AnalogSwitchConfig            0x08006911   Thumb Code    12  stm32h7xx_hal.o(i.HAL_SYSCFG_AnalogSwitchConfig)
    HAL_SYSTICK_Config                       0x08006921   Thumb Code    38  stm32h7xx_hal_cortex.o(i.HAL_SYSTICK_Config)
    HAL_TIMEx_Break2Callback                 0x08006947   Thumb Code     2  stm32h7xx_hal_tim_ex.o(i.HAL_TIMEx_Break2Callback)
    HAL_TIMEx_BreakCallback                  0x08006949   Thumb Code     2  stm32h7xx_hal_tim_ex.o(i.HAL_TIMEx_BreakCallback)
    HAL_TIMEx_CommutCallback                 0x0800694b   Thumb Code     2  stm32h7xx_hal_tim_ex.o(i.HAL_TIMEx_CommutCallback)
    HAL_TIMEx_MasterConfigSynchronization    0x0800694d   Thumb Code   134  stm32h7xx_hal_tim_ex.o(i.HAL_TIMEx_MasterConfigSynchronization)
    HAL_TIM_Base_Init                        0x080069f1   Thumb Code    98  stm32h7xx_hal_tim.o(i.HAL_TIM_Base_Init)
    HAL_TIM_Base_MspInit                     0x08006a55   Thumb Code    50  tim.o(i.HAL_TIM_Base_MspInit)
    HAL_TIM_Base_Start_IT                    0x08006a91   Thumb Code   106  stm32h7xx_hal_tim.o(i.HAL_TIM_Base_Start_IT)
    HAL_TIM_ConfigClockSource                0x08006b1d   Thumb Code   248  stm32h7xx_hal_tim.o(i.HAL_TIM_ConfigClockSource)
    HAL_TIM_IC_CaptureCallback               0x08006c19   Thumb Code     2  stm32h7xx_hal_tim.o(i.HAL_TIM_IC_CaptureCallback)
    HAL_TIM_IRQHandler                       0x08006c1b   Thumb Code   328  stm32h7xx_hal_tim.o(i.HAL_TIM_IRQHandler)
    HAL_TIM_OC_DelayElapsedCallback          0x08006d63   Thumb Code     2  stm32h7xx_hal_tim.o(i.HAL_TIM_OC_DelayElapsedCallback)
    HAL_TIM_PWM_PulseFinishedCallback        0x08006d65   Thumb Code     2  stm32h7xx_hal_tim.o(i.HAL_TIM_PWM_PulseFinishedCallback)
    HAL_TIM_PeriodElapsedCallback            0x08006d69   Thumb Code   172  main.o(i.HAL_TIM_PeriodElapsedCallback)
    HAL_TIM_TriggerCallback                  0x08006e2d   Thumb Code     2  stm32h7xx_hal_tim.o(i.HAL_TIM_TriggerCallback)
    HAL_UARTEx_DisableFifoMode               0x08006e2f   Thumb Code    64  stm32h7xx_hal_uart_ex.o(i.HAL_UARTEx_DisableFifoMode)
    HAL_UARTEx_ReceiveToIdle_IT              0x08006e6f   Thumb Code    78  stm32h7xx_hal_uart_ex.o(i.HAL_UARTEx_ReceiveToIdle_IT)
    HAL_UARTEx_RxEventCallback               0x08006ebd   Thumb Code   108  usart.o(i.HAL_UARTEx_RxEventCallback)
    HAL_UARTEx_RxFifoFullCallback            0x08006f45   Thumb Code     2  stm32h7xx_hal_uart_ex.o(i.HAL_UARTEx_RxFifoFullCallback)
    HAL_UARTEx_SetRxFifoThreshold            0x08006f47   Thumb Code    76  stm32h7xx_hal_uart_ex.o(i.HAL_UARTEx_SetRxFifoThreshold)
    HAL_UARTEx_SetTxFifoThreshold            0x08006f93   Thumb Code    76  stm32h7xx_hal_uart_ex.o(i.HAL_UARTEx_SetTxFifoThreshold)
    HAL_UARTEx_TxFifoEmptyCallback           0x08006fdf   Thumb Code     2  stm32h7xx_hal_uart_ex.o(i.HAL_UARTEx_TxFifoEmptyCallback)
    HAL_UARTEx_WakeupCallback                0x08006fe1   Thumb Code     2  stm32h7xx_hal_uart_ex.o(i.HAL_UARTEx_WakeupCallback)
    HAL_UART_ErrorCallback                   0x08006fe3   Thumb Code     2  stm32h7xx_hal_uart.o(i.HAL_UART_ErrorCallback)
    HAL_UART_IRQHandler                      0x08006fe5   Thumb Code   898  stm32h7xx_hal_uart.o(i.HAL_UART_IRQHandler)
    HAL_UART_Init                            0x08007381   Thumb Code   106  stm32h7xx_hal_uart.o(i.HAL_UART_Init)
    HAL_UART_MspInit                         0x080073ed   Thumb Code   338  usart.o(i.HAL_UART_MspInit)
    HAL_UART_RxCpltCallback                  0x08007559   Thumb Code     2  stm32h7xx_hal_uart.o(i.HAL_UART_RxCpltCallback)
    HAL_UART_Transmit                        0x0800755b   Thumb Code   176  stm32h7xx_hal_uart.o(i.HAL_UART_Transmit)
    HAL_UART_TxCpltCallback                  0x0800760b   Thumb Code     2  stm32h7xx_hal_uart.o(i.HAL_UART_TxCpltCallback)
    HardFault_Handler                        0x0800760d   Thumb Code     2  stm32h7xx_it.o(i.HardFault_Handler)
    KEY_Init                                 0x08007649   Thumb Code    52  key.o(i.KEY_Init)
    KEY_Scan1                                0x08007685   Thumb Code    72  key.o(i.KEY_Scan1)
    LCD_Clear                                0x080076d5   Thumb Code    78  spi.o(i.LCD_Clear)
    LCD_DisplayChar                          0x0800772d   Thumb Code   166  spi.o(i.LCD_DisplayChar)
    LCD_DisplayDecimals                      0x080077e1   Thumb Code    44  spi.o(i.LCD_DisplayDecimals)
    LCD_DisplayNumber                        0x08007821   Thumb Code    42  spi.o(i.LCD_DisplayNumber)
    LCD_DisplayString                        0x0800785d   Thumb Code    50  spi.o(i.LCD_DisplayString)
    LCD_SPI_CloseTransfer                    0x08007899   Thumb Code   188  spi.o(i.LCD_SPI_CloseTransfer)
    LCD_SPI_Transmit                         0x08007955   Thumb Code   344  spi.o(i.LCD_SPI_Transmit)
    LCD_SPI_WaitOnFlagUntilTimeout           0x08007aad   Thumb Code    66  spi.o(i.LCD_SPI_WaitOnFlagUntilTimeout)
    LCD_SetAddress                           0x08007af1   Thumb Code    78  spi.o(i.LCD_SetAddress)
    LCD_SetAsciiFont                         0x08007b45   Thumb Code     6  spi.o(i.LCD_SetAsciiFont)
    LCD_SetBackColor                         0x08007b51   Thumb Code    30  spi.o(i.LCD_SetBackColor)
    LCD_SetColor                             0x08007b75   Thumb Code    30  spi.o(i.LCD_SetColor)
    LCD_SetDirection                         0x08007b99   Thumb Code   106  spi.o(i.LCD_SetDirection)
    LCD_ShowNumMode                          0x08007c09   Thumb Code     6  spi.o(i.LCD_ShowNumMode)
    LCD_WriteBuff                            0x08007c15   Thumb Code    56  spi.o(i.LCD_WriteBuff)
    LCD_WriteCommand                         0x08007c55   Thumb Code    30  spi.o(i.LCD_WriteCommand)
    LCD_WriteData_16bit                      0x08007c7d   Thumb Code    40  spi.o(i.LCD_WriteData_16bit)
    LCD_WriteData_8bit                       0x08007cad   Thumb Code    28  spi.o(i.LCD_WriteData_8bit)
    MPU_Config                               0x08007cf9   Thumb Code    74  main.o(i.MPU_Config)
    MX_ADC1_Init                             0x08007d45   Thumb Code   142  adc.o(i.MX_ADC1_Init)
    MX_ADC3_Init                             0x08007de1   Thumb Code   116  adc.o(i.MX_ADC3_Init)
    MX_DMA_Init                              0x08007e61   Thumb Code    56  dma.o(i.MX_DMA_Init)
    MX_GPIO_Init                             0x08007e9d   Thumb Code   186  gpio.o(i.MX_GPIO_Init)
    MX_RTC_Init                              0x08007f65   Thumb Code    46  rtc.o(i.MX_RTC_Init)
    MX_SDMMC1_SD_Init                        0x08007f9d   Thumb Code    38  sdmmc.o(i.MX_SDMMC1_SD_Init)
    MX_SPI4_Init                             0x08007fc9   Thumb Code    82  spi.o(i.MX_SPI4_Init)
    MX_TIM1_Init                             0x08008025   Thumb Code   102  tim.o(i.MX_TIM1_Init)
    MX_USART1_UART_Init                      0x08008095   Thumb Code    94  usart.o(i.MX_USART1_UART_Init)
    MX_USART2_UART_Init                      0x080080fd   Thumb Code    94  usart.o(i.MX_USART2_UART_Init)
    MX_USB_DEVICE_Init                       0x08008165   Thumb Code   104  usb_device.o(i.MX_USB_DEVICE_Init)
    MemManage_Handler                        0x080081dd   Thumb Code     2  stm32h7xx_it.o(i.MemManage_Handler)
    NMI_Handler                              0x080081df   Thumb Code     2  stm32h7xx_it.o(i.NMI_Handler)
    OTG_FS_IRQHandler                        0x080081e1   Thumb Code     6  stm32h7xx_it.o(i.OTG_FS_IRQHandler)
    PendSV_Handler                           0x0800835b   Thumb Code     2  stm32h7xx_it.o(i.PendSV_Handler)
    PeriphCommonClock_Config                 0x0800835d   Thumb Code    66  main.o(i.PeriphCommonClock_Config)
    RTC_EnterInitMode                        0x080085e1   Thumb Code    70  stm32h7xx_hal_rtc.o(i.RTC_EnterInitMode)
    RTC_ExitInitMode                         0x08008629   Thumb Code    78  stm32h7xx_hal_rtc.o(i.RTC_ExitInitMode)
    Read_Light_Sensor                        0x0800867d   Thumb Code    88  adc.o(i.Read_Light_Sensor)
    Read_Noise_Sensor                        0x080086dd   Thumb Code    88  adc.o(i.Read_Noise_Sensor)
    Read_Power                               0x0800873d   Thumb Code   132  adc.o(i.Read_Power)
    Read_tempure_sensor                      0x080087d1   Thumb Code    88  adc.o(i.Read_tempure_sensor)
    SDMMC1_IRQHandler                        0x08008831   Thumb Code     6  stm32h7xx_it.o(i.SDMMC1_IRQHandler)
    SDMMC_CmdAppCommand                      0x0800883d   Thumb Code    52  stm32h7xx_ll_sdmmc.o(i.SDMMC_CmdAppCommand)
    SDMMC_CmdAppOperCommand                  0x08008871   Thumb Code    46  stm32h7xx_ll_sdmmc.o(i.SDMMC_CmdAppOperCommand)
    SDMMC_CmdBlockLength                     0x0800889f   Thumb Code    50  stm32h7xx_ll_sdmmc.o(i.SDMMC_CmdBlockLength)
    SDMMC_CmdBusWidth                        0x080088d1   Thumb Code    52  stm32h7xx_ll_sdmmc.o(i.SDMMC_CmdBusWidth)
    SDMMC_CmdGoIdleState                     0x08008905   Thumb Code    74  stm32h7xx_ll_sdmmc.o(i.SDMMC_CmdGoIdleState)
    SDMMC_CmdOperCond                        0x08008959   Thumb Code    40  stm32h7xx_ll_sdmmc.o(i.SDMMC_CmdOperCond)
    SDMMC_CmdSelDesel                        0x08008981   Thumb Code    52  stm32h7xx_ll_sdmmc.o(i.SDMMC_CmdSelDesel)
    SDMMC_CmdSendCID                         0x080089b5   Thumb Code    44  stm32h7xx_ll_sdmmc.o(i.SDMMC_CmdSendCID)
    SDMMC_CmdSendCSD                         0x080089e1   Thumb Code    48  stm32h7xx_ll_sdmmc.o(i.SDMMC_CmdSendCSD)
    SDMMC_CmdSendSCR                         0x08008a11   Thumb Code    50  stm32h7xx_ll_sdmmc.o(i.SDMMC_CmdSendSCR)
    SDMMC_CmdSendStatus                      0x08008a43   Thumb Code    52  stm32h7xx_ll_sdmmc.o(i.SDMMC_CmdSendStatus)
    SDMMC_CmdSetRelAdd                       0x08008a77   Thumb Code    50  stm32h7xx_ll_sdmmc.o(i.SDMMC_CmdSetRelAdd)
    SDMMC_CmdStatusRegister                  0x08008aa9   Thumb Code    50  stm32h7xx_ll_sdmmc.o(i.SDMMC_CmdStatusRegister)
    SDMMC_CmdStopTransfer                    0x08008add   Thumb Code    78  stm32h7xx_ll_sdmmc.o(i.SDMMC_CmdStopTransfer)
    SDMMC_CmdSwitch                          0x08008b31   Thumb Code    52  stm32h7xx_ll_sdmmc.o(i.SDMMC_CmdSwitch)
    SDMMC_CmdWriteMultiBlock                 0x08008b65   Thumb Code    52  stm32h7xx_ll_sdmmc.o(i.SDMMC_CmdWriteMultiBlock)
    SDMMC_CmdWriteSingleBlock                0x08008b99   Thumb Code    52  stm32h7xx_ll_sdmmc.o(i.SDMMC_CmdWriteSingleBlock)
    SDMMC_ConfigData                         0x08008bcd   Thumb Code    38  stm32h7xx_ll_sdmmc.o(i.SDMMC_ConfigData)
    SDMMC_GetCmdResp1                        0x08008bf5   Thumb Code   280  stm32h7xx_ll_sdmmc.o(i.SDMMC_GetCmdResp1)
    SDMMC_GetCmdResp2                        0x08008d19   Thumb Code    76  stm32h7xx_ll_sdmmc.o(i.SDMMC_GetCmdResp2)
    SDMMC_GetCmdResp3                        0x08008d6d   Thumb Code    62  stm32h7xx_ll_sdmmc.o(i.SDMMC_GetCmdResp3)
    SDMMC_GetCmdResp6                        0x08008db5   Thumb Code   130  stm32h7xx_ll_sdmmc.o(i.SDMMC_GetCmdResp6)
    SDMMC_GetCmdResp7                        0x08008e41   Thumb Code    82  stm32h7xx_ll_sdmmc.o(i.SDMMC_GetCmdResp7)
    SDMMC_GetPowerState                      0x08008e99   Thumb Code     8  stm32h7xx_ll_sdmmc.o(i.SDMMC_GetPowerState)
    SDMMC_GetResponse                        0x08008ea1   Thumb Code     6  stm32h7xx_ll_sdmmc.o(i.SDMMC_GetResponse)
    SDMMC_Init                               0x08008ea9   Thumb Code    28  stm32h7xx_ll_sdmmc.o(i.SDMMC_Init)
    SDMMC_PowerState_ON                      0x08008ec9   Thumb Code    12  stm32h7xx_ll_sdmmc.o(i.SDMMC_PowerState_ON)
    SDMMC_ReadFIFO                           0x08008ed5   Thumb Code     6  stm32h7xx_ll_sdmmc.o(i.SDMMC_ReadFIFO)
    SDMMC_SendCommand                        0x08008edd   Thumb Code    34  stm32h7xx_ll_sdmmc.o(i.SDMMC_SendCommand)
    SDMMC_WriteFIFO                          0x08008f05   Thumb Code    10  stm32h7xx_ll_sdmmc.o(i.SDMMC_WriteFIFO)
    SPI4_IRQHandler                          0x0800940d   Thumb Code     6  stm32h7xx_it.o(i.SPI4_IRQHandler)
    SPI_LCD_Init                             0x080094f1   Thumb Code   428  spi.o(i.SPI_LCD_Init)
    SVC_Handler                              0x080096f3   Thumb Code     2  stm32h7xx_it.o(i.SVC_Handler)
    SysTick_Handler                          0x080096ff   Thumb Code     4  stm32h7xx_it.o(i.SysTick_Handler)
    SystemClock_Config                       0x08009705   Thumb Code   182  main.o(i.SystemClock_Config)
    SystemInit                               0x080097c9   Thumb Code   180  system_stm32h7xx.o(i.SystemInit)
    TIM1_UP_IRQHandler                       0x080098a5   Thumb Code     6  stm32h7xx_it.o(i.TIM1_UP_IRQHandler)
    TIM_Base_SetConfig                       0x080098b1   Thumb Code   170  stm32h7xx_hal_tim.o(i.TIM_Base_SetConfig)
    TIM_ETR_SetConfig                        0x0800997d   Thumb Code    18  stm32h7xx_hal_tim.o(i.TIM_ETR_SetConfig)
    UART_AdvFeatureConfig                    0x08009a31   Thumb Code   200  stm32h7xx_hal_uart.o(i.UART_AdvFeatureConfig)
    UART_CheckIdleState                      0x08009af9   Thumb Code   170  stm32h7xx_hal_uart.o(i.UART_CheckIdleState)
    UART_SetConfig                           0x0800a0d9   Thumb Code   876  stm32h7xx_hal_uart.o(i.UART_SetConfig)
    UART_Start_Receive_IT                    0x0800a485   Thumb Code   256  stm32h7xx_hal_uart.o(i.UART_Start_Receive_IT)
    UART_WaitOnFlagUntilTimeout              0x0800a595   Thumb Code   148  stm32h7xx_hal_uart.o(i.UART_WaitOnFlagUntilTimeout)
    USART1_IRQHandler                        0x0800a629   Thumb Code     6  stm32h7xx_it.o(i.USART1_IRQHandler)
    USART2_IRQHandler                        0x0800a635   Thumb Code     6  stm32h7xx_it.o(i.USART2_IRQHandler)
    USBD_CDC_GetDeviceQualifierDescriptor    0x0800a7bd   Thumb Code     8  usbd_cdc.o(i.USBD_CDC_GetDeviceQualifierDescriptor)
    USBD_CDC_ReceivePacket                   0x0800a9a5   Thumb Code    50  usbd_cdc.o(i.USBD_CDC_ReceivePacket)
    USBD_CDC_RegisterInterface               0x0800a9dd   Thumb Code    22  usbd_cdc.o(i.USBD_CDC_RegisterInterface)
    USBD_CDC_SetRxBuffer                     0x0800a9f3   Thumb Code    26  usbd_cdc.o(i.USBD_CDC_SetRxBuffer)
    USBD_CDC_SetTxBuffer                     0x0800aa0d   Thumb Code    30  usbd_cdc.o(i.USBD_CDC_SetTxBuffer)
    USBD_ClrClassConfig                      0x0800aaf9   Thumb Code    20  usbd_core.o(i.USBD_ClrClassConfig)
    USBD_CoreFindEP                          0x0800ab0d   Thumb Code     4  usbd_core.o(i.USBD_CoreFindEP)
    USBD_CoreFindIF                          0x0800ab11   Thumb Code     4  usbd_core.o(i.USBD_CoreFindIF)
    USBD_CtlContinueRx                       0x0800ab15   Thumb Code    16  usbd_ioreq.o(i.USBD_CtlContinueRx)
    USBD_CtlContinueSendData                 0x0800ab25   Thumb Code    16  usbd_ioreq.o(i.USBD_CtlContinueSendData)
    USBD_CtlError                            0x0800ab35   Thumb Code    22  usbd_ctlreq.o(i.USBD_CtlError)
    USBD_CtlPrepareRx                        0x0800ab4b   Thumb Code    30  usbd_ioreq.o(i.USBD_CtlPrepareRx)
    USBD_CtlReceiveStatus                    0x0800ab69   Thumb Code    22  usbd_ioreq.o(i.USBD_CtlReceiveStatus)
    USBD_CtlSendData                         0x0800ab7f   Thumb Code    26  usbd_ioreq.o(i.USBD_CtlSendData)
    USBD_CtlSendStatus                       0x0800ab99   Thumb Code    22  usbd_ioreq.o(i.USBD_CtlSendStatus)
    USBD_FS_ConfigStrDescriptor              0x0800abb1   Thumb Code    16  usbd_desc.o(i.USBD_FS_ConfigStrDescriptor)
    USBD_FS_DeviceDescriptor                 0x0800abd1   Thumb Code     8  usbd_desc.o(i.USBD_FS_DeviceDescriptor)
    USBD_FS_InterfaceStrDescriptor           0x0800abdd   Thumb Code    16  usbd_desc.o(i.USBD_FS_InterfaceStrDescriptor)
    USBD_FS_LangIDStrDescriptor              0x0800ac01   Thumb Code     8  usbd_desc.o(i.USBD_FS_LangIDStrDescriptor)
    USBD_FS_ManufacturerStrDescriptor        0x0800ac0d   Thumb Code    16  usbd_desc.o(i.USBD_FS_ManufacturerStrDescriptor)
    USBD_FS_ProductStrDescriptor             0x0800ac35   Thumb Code    16  usbd_desc.o(i.USBD_FS_ProductStrDescriptor)
    USBD_FS_SerialStrDescriptor              0x0800ac61   Thumb Code    50  usbd_desc.o(i.USBD_FS_SerialStrDescriptor)
    USBD_GetEpDesc                           0x0800ad97   Thumb Code    58  usbd_core.o(i.USBD_GetEpDesc)
    USBD_GetNextDesc                         0x0800ade5   Thumb Code    14  usbd_core.o(i.USBD_GetNextDesc)
    USBD_GetString                           0x0800adf3   Thumb Code    78  usbd_ctlreq.o(i.USBD_GetString)
    USBD_Get_USB_Status                      0x0800ae41   Thumb Code    24  usbd_conf.o(i.USBD_Get_USB_Status)
    USBD_Init                                0x0800ae59   Thumb Code    38  usbd_core.o(i.USBD_Init)
    USBD_LL_ClearStallEP                     0x0800ae7f   Thumb Code    18  usbd_conf.o(i.USBD_LL_ClearStallEP)
    USBD_LL_CloseEP                          0x0800ae91   Thumb Code    18  usbd_conf.o(i.USBD_LL_CloseEP)
    USBD_LL_DataInStage                      0x0800aea3   Thumb Code   184  usbd_core.o(i.USBD_LL_DataInStage)
    USBD_LL_DataOutStage                     0x0800af5b   Thumb Code   144  usbd_core.o(i.USBD_LL_DataOutStage)
    USBD_LL_DevConnected                     0x0800afeb   Thumb Code     4  usbd_core.o(i.USBD_LL_DevConnected)
    USBD_LL_DevDisconnected                  0x0800afef   Thumb Code    32  usbd_core.o(i.USBD_LL_DevDisconnected)
    USBD_LL_GetRxDataSize                    0x0800b00f   Thumb Code     8  usbd_conf.o(i.USBD_LL_GetRxDataSize)
    USBD_LL_Init                             0x0800b019   Thumb Code    90  usbd_conf.o(i.USBD_LL_Init)
    USBD_LL_IsStallEP                        0x0800b07d   Thumb Code    30  usbd_conf.o(i.USBD_LL_IsStallEP)
    USBD_LL_IsoINIncomplete                  0x0800b09b   Thumb Code    40  usbd_core.o(i.USBD_LL_IsoINIncomplete)
    USBD_LL_IsoOUTIncomplete                 0x0800b0c3   Thumb Code    40  usbd_core.o(i.USBD_LL_IsoOUTIncomplete)
    USBD_LL_OpenEP                           0x0800b0eb   Thumb Code    24  usbd_conf.o(i.USBD_LL_OpenEP)
    USBD_LL_PrepareReceive                   0x0800b103   Thumb Code    18  usbd_conf.o(i.USBD_LL_PrepareReceive)
    USBD_LL_Reset                            0x0800b115   Thumb Code    94  usbd_core.o(i.USBD_LL_Reset)
    USBD_LL_Resume                           0x0800b173   Thumb Code    20  usbd_core.o(i.USBD_LL_Resume)
    USBD_LL_SOF                              0x0800b187   Thumb Code    26  usbd_core.o(i.USBD_LL_SOF)
    USBD_LL_SetSpeed                         0x0800b1a1   Thumb Code     6  usbd_core.o(i.USBD_LL_SetSpeed)
    USBD_LL_SetUSBAddress                    0x0800b1a7   Thumb Code    18  usbd_conf.o(i.USBD_LL_SetUSBAddress)
    USBD_LL_SetupStage                       0x0800b1b9   Thumb Code    96  usbd_core.o(i.USBD_LL_SetupStage)
    USBD_LL_StallEP                          0x0800b219   Thumb Code    18  usbd_conf.o(i.USBD_LL_StallEP)
    USBD_LL_Start                            0x0800b22b   Thumb Code    18  usbd_conf.o(i.USBD_LL_Start)
    USBD_LL_Suspend                          0x0800b23d   Thumb Code    26  usbd_core.o(i.USBD_LL_Suspend)
    USBD_LL_Transmit                         0x0800b257   Thumb Code    18  usbd_conf.o(i.USBD_LL_Transmit)
    USBD_ParseSetupRequest                   0x0800b269   Thumb Code    42  usbd_ctlreq.o(i.USBD_ParseSetupRequest)
    USBD_RegisterClass                       0x0800b293   Thumb Code    58  usbd_core.o(i.USBD_RegisterClass)
    USBD_SetClassConfig                      0x0800b2cd   Thumb Code    20  usbd_core.o(i.USBD_SetClassConfig)
    USBD_Start                               0x0800b39d   Thumb Code     4  usbd_core.o(i.USBD_Start)
    USBD_StdDevReq                           0x0800b3a1   Thumb Code   302  usbd_ctlreq.o(i.USBD_StdDevReq)
    USBD_StdEPReq                            0x0800b4cf   Thumb Code   356  usbd_ctlreq.o(i.USBD_StdEPReq)
    USBD_StdItfReq                           0x0800b633   Thumb Code   116  usbd_ctlreq.o(i.USBD_StdItfReq)
    USBD_static_free                         0x0800b6a7   Thumb Code     2  usbd_conf.o(i.USBD_static_free)
    USBD_static_malloc                       0x0800b6a9   Thumb Code     4  usbd_conf.o(i.USBD_static_malloc)
    USB_ActivateEndpoint                     0x0800b6b1   Thumb Code   124  stm32h7xx_ll_usb.o(i.USB_ActivateEndpoint)
    USB_ActivateSetup                        0x0800b731   Thumb Code    28  stm32h7xx_ll_usb.o(i.USB_ActivateSetup)
    USB_CoreInit                             0x0800b74d   Thumb Code   142  stm32h7xx_ll_usb.o(i.USB_CoreInit)
    USB_DeactivateEndpoint                   0x0800b821   Thumb Code   194  stm32h7xx_ll_usb.o(i.USB_DeactivateEndpoint)
    USB_DevConnect                           0x0800b8ed   Thumb Code    28  stm32h7xx_ll_usb.o(i.USB_DevConnect)
    USB_DevDisconnect                        0x0800b909   Thumb Code    28  stm32h7xx_ll_usb.o(i.USB_DevDisconnect)
    USB_DevInit                              0x0800b925   Thumb Code   354  stm32h7xx_ll_usb.o(i.USB_DevInit)
    USB_DisableGlobalInt                     0x0800ba91   Thumb Code    12  stm32h7xx_ll_usb.o(i.USB_DisableGlobalInt)
    USB_EP0_OutStart                         0x0800ba9d   Thumb Code    84  stm32h7xx_ll_usb.o(i.USB_EP0_OutStart)
    USB_EPClearStall                         0x0800baf5   Thumb Code    88  stm32h7xx_ll_usb.o(i.USB_EPClearStall)
    USB_EPSetStall                           0x0800bb4d   Thumb Code    88  stm32h7xx_ll_usb.o(i.USB_EPSetStall)
    USB_EPStartXfer                          0x0800bba5   Thumb Code   572  stm32h7xx_ll_usb.o(i.USB_EPStartXfer)
    USB_EPStopXfer                           0x0800bde5   Thumb Code   158  stm32h7xx_ll_usb.o(i.USB_EPStopXfer)
    USB_EnableGlobalInt                      0x0800be83   Thumb Code    12  stm32h7xx_ll_usb.o(i.USB_EnableGlobalInt)
    USB_FlushRxFifo                          0x0800be8f   Thumb Code    56  stm32h7xx_ll_usb.o(i.USB_FlushRxFifo)
    USB_FlushTxFifo                          0x0800bec7   Thumb Code    60  stm32h7xx_ll_usb.o(i.USB_FlushTxFifo)
    USB_GetDevSpeed                          0x0800bf03   Thumb Code    26  stm32h7xx_ll_usb.o(i.USB_GetDevSpeed)
    USB_GetMode                              0x0800bf1d   Thumb Code     8  stm32h7xx_ll_usb.o(i.USB_GetMode)
    USB_ReadDevAllInEpInterrupt              0x0800bf25   Thumb Code    14  stm32h7xx_ll_usb.o(i.USB_ReadDevAllInEpInterrupt)
    USB_ReadDevAllOutEpInterrupt             0x0800bf33   Thumb Code    14  stm32h7xx_ll_usb.o(i.USB_ReadDevAllOutEpInterrupt)
    USB_ReadDevInEPInterrupt                 0x0800bf41   Thumb Code    36  stm32h7xx_ll_usb.o(i.USB_ReadDevInEPInterrupt)
    USB_ReadDevOutEPInterrupt                0x0800bf65   Thumb Code    16  stm32h7xx_ll_usb.o(i.USB_ReadDevOutEPInterrupt)
    USB_ReadInterrupts                       0x0800bf75   Thumb Code     8  stm32h7xx_ll_usb.o(i.USB_ReadInterrupts)
    USB_ReadPacket                           0x0800bf7d   Thumb Code    64  stm32h7xx_ll_usb.o(i.USB_ReadPacket)
    USB_SetCurrentMode                       0x0800bfbd   Thumb Code    94  stm32h7xx_ll_usb.o(i.USB_SetCurrentMode)
    USB_SetDevAddress                        0x0800c01b   Thumb Code    34  stm32h7xx_ll_usb.o(i.USB_SetDevAddress)
    USB_SetTurnaroundTime                    0x0800c03d   Thumb Code   158  stm32h7xx_ll_usb.o(i.USB_SetTurnaroundTime)
    USB_WritePacket                          0x0800c125   Thumb Code    40  stm32h7xx_ll_usb.o(i.USB_WritePacket)
    UsageFault_Handler                       0x0800c14d   Thumb Code     2  stm32h7xx_it.o(i.UsageFault_Handler)
    __0sprintf                               0x0800c151   Thumb Code    34  printfa.o(i.__0sprintf)
    __1sprintf                               0x0800c151   Thumb Code     0  printfa.o(i.__0sprintf)
    __2sprintf                               0x0800c151   Thumb Code     0  printfa.o(i.__0sprintf)
    __c89sprintf                             0x0800c151   Thumb Code     0  printfa.o(i.__0sprintf)
    sprintf                                  0x0800c151   Thumb Code     0  printfa.o(i.__0sprintf)
    __hardfp_log                             0x0800c1a1   Thumb Code   480  log.o(i.__hardfp_log)
    __kernel_poly                            0x0800c3dd   Thumb Code   112  poly.o(i.__kernel_poly)
    __mathlib_dbl_divzero                    0x0800c451   Thumb Code    14  dunder.o(i.__mathlib_dbl_divzero)
    __mathlib_dbl_infnan                     0x0800c471   Thumb Code     6  dunder.o(i.__mathlib_dbl_infnan)
    __mathlib_dbl_invalid                    0x0800c479   Thumb Code    10  dunder.o(i.__mathlib_dbl_invalid)
    __scatterload_copy                       0x0800c491   Thumb Code    14  handlers.o(i.__scatterload_copy)
    __scatterload_null                       0x0800c49f   Thumb Code     2  handlers.o(i.__scatterload_null)
    __scatterload_zeroinit                   0x0800c4a1   Thumb Code    14  handlers.o(i.__scatterload_zeroinit)
    __set_errno                              0x0800c4b1   Thumb Code     6  errno.o(i.__set_errno)
    atk_ntc_get_temp                         0x0800cd51   Thumb Code    98  adc.o(i.atk_ntc_get_temp)
    main                                     0x0800cdcd   Thumb Code   586  main.o(i.main)
    sendBinaryData                           0x0800d0b1   Thumb Code    94  main.o(i.sendBinaryData)
    ASCII_2412_Table                         0x0800d10e   Data        4560  lcd_fonts.o(.constdata)
    ASCII_2010_Table                         0x0800e2de   Data        3800  lcd_fonts.o(.constdata)
    UARTPrescTable                           0x0800f1be   Data          24  stm32h7xx_hal_uart.o(.constdata)
    D1CorePrescTable                         0x0800f1e6   Data          16  system_stm32h7xx.o(.constdata)
    __mathlib_zero                           0x0800f230   Data           8  qnan.o(.constdata)
    Region$$Table$$Base                      0x0800f238   Number         0  anon$$obj.o(Region$$Table)
    Region$$Table$$Limit                     0x0800f258   Number         0  anon$$obj.o(Region$$Table)
    start_flag                               0x20000000   Data           1  main.o(.data)
    light                                    0x20000001   Data           1  main.o(.data)
    save_index                               0x20000002   Data           1  main.o(.data)
    SD_Status                                0x20000004   Data           4  main.o(.data)
    tempure                                  0x20000008   Data           4  main.o(.data)
    Power                                    0x2000000c   Data           4  main.o(.data)
    Real_time_Data                           0x20000010   Data           5  main.o(.data)
    _RoateValue                              0x20000028   Data          16  spi.o(.data)
    ASCII_Font24                             0x20000038   Data          12  lcd_fonts.o(.data)
    ASCII_Font20                             0x20000044   Data          12  lcd_fonts.o(.data)
    FS_Desc                                  0x20000054   Data          32  usbd_desc.o(.data)
    USBD_LangIDDesc                          0x20000074   Data           4  usbd_desc.o(.data)
    USBD_FS_DeviceDesc                       0x20000078   Data          18  usbd_desc.o(.data)
    USBD_StringSerial                        0x2000008c   Data          26  usbd_desc.o(.data)
    USBD_Interface_fops_FS                   0x200000a8   Data          20  usbd_cdc_if.o(.data)
    uwTickFreq                               0x200000bc   Data           1  stm32h7xx_hal.o(.data)
    uwTickPrio                               0x200000c0   Data           4  stm32h7xx_hal.o(.data)
    uwTick                                   0x200000c4   Data           4  stm32h7xx_hal.o(.data)
    SystemCoreClock                          0x200000c8   Data           4  system_stm32h7xx.o(.data)
    SystemD2Clock                            0x200000cc   Data           4  system_stm32h7xx.o(.data)
    USBD_CDC                                 0x20000128   Data          56  usbd_cdc.o(.data)
    Light_WriteBuffer                        0x20000164   Data         256  main.o(.bss)
    uart1_buf_recv                           0x20000264   Data         256  main.o(.bss)
    hadc1                                    0x20000364   Data         100  adc.o(.bss)
    hadc3                                    0x200003c8   Data         100  adc.o(.bss)
    hrtc                                     0x2000042c   Data          36  rtc.o(.bss)
    hsd1                                     0x20000450   Data         124  sdmmc.o(.bss)
    hsd_sdmmc                                0x200004cc   Data         124  sdmmc.o(.bss)
    LCD_Buff                                 0x20000548   Data        2048  spi.o(.bss)
    LCD                                      0x20000d48   Data          16  spi.o(.bss)
    hspi4                                    0x20000d58   Data         136  spi.o(.bss)
    htim1                                    0x20000de0   Data          76  tim.o(.bss)
    huart1                                   0x20000e2c   Data         148  usart.o(.bss)
    huart2                                   0x20000ec0   Data         148  usart.o(.bss)
    hdma_usart1_rx                           0x20000f54   Data         120  usart.o(.bss)
    hdma_usart1_tx                           0x20000fcc   Data         120  usart.o(.bss)
    hUsbDeviceFS                             0x20001044   Data         732  usb_device.o(.bss)
    USBD_StrDesc                             0x20001320   Data         512  usbd_desc.o(.bss)
    UserRxBufferFS                           0x20001520   Data        2048  usbd_cdc_if.o(.bss)
    UserTxBufferFS                           0x20001d20   Data        2048  usbd_cdc_if.o(.bss)
    hpcd_USB_OTG_FS                          0x20002740   Data        1252  usbd_conf.o(.bss)
    pFlash                                   0x20002c24   Data          28  stm32h7xx_hal_flash.o(.bss)
    __initial_sp                             0x20003040   Data           0  startup_stm32h750xx.o(STACK)



==============================================================================

Memory Map of the image

  Image Entry point : 0x08000299

  Load Region LR_IROM1 (Base: 0x08000000, Size: 0x0000f3bc, Max: 0x00020000, ABSOLUTE, COMPRESSED[0x0000f328])

    Execution Region ER_IROM1 (Exec base: 0x08000000, Load base: 0x08000000, Size: 0x0000f258, Max: 0x00020000, ABSOLUTE)

    Exec Addr    Load Addr    Size         Type   Attr      Idx    E Section Name        Object

    0x08000000   0x08000000   0x00000298   Data   RO            3    RESET               startup_stm32h750xx.o
    0x08000298   0x08000298   0x00000000   Code   RO         8931  * .ARM.Collect$$$$00000000  mc_w.l(entry.o)
    0x08000298   0x08000298   0x00000004   Code   RO         9256    .ARM.Collect$$$$00000001  mc_w.l(entry2.o)
    0x0800029c   0x0800029c   0x00000004   Code   RO         9259    .ARM.Collect$$$$00000004  mc_w.l(entry5.o)
    0x080002a0   0x080002a0   0x00000000   Code   RO         9261    .ARM.Collect$$$$00000008  mc_w.l(entry7b.o)
    0x080002a0   0x080002a0   0x00000000   Code   RO         9263    .ARM.Collect$$$$0000000A  mc_w.l(entry8b.o)
    0x080002a0   0x080002a0   0x00000008   Code   RO         9264    .ARM.Collect$$$$0000000B  mc_w.l(entry9a.o)
    0x080002a8   0x080002a8   0x00000004   Code   RO         9271    .ARM.Collect$$$$0000000E  mc_w.l(entry12b.o)
    0x080002ac   0x080002ac   0x00000000   Code   RO         9266    .ARM.Collect$$$$0000000F  mc_w.l(entry10a.o)
    0x080002ac   0x080002ac   0x00000000   Code   RO         9268    .ARM.Collect$$$$00000011  mc_w.l(entry11a.o)
    0x080002ac   0x080002ac   0x00000004   Code   RO         9257    .ARM.Collect$$$$00002712  mc_w.l(entry2.o)
    0x080002b0   0x080002b0   0x00000024   Code   RO            4    .text               startup_stm32h750xx.o
    0x080002d4   0x080002d4   0x00000062   Code   RO         8934    .text               mc_w.l(uldiv.o)
    0x08000336   0x08000336   0x00000024   Code   RO         8936    .text               mc_w.l(memcpya.o)
    0x0800035a   0x0800035a   0x00000024   Code   RO         8938    .text               mc_w.l(memseta.o)
    0x0800037e   0x0800037e   0x0000002c   Code   RO         9275    .text               mc_w.l(uidiv.o)
    0x080003aa   0x080003aa   0x0000001e   Code   RO         9277    .text               mc_w.l(llshl.o)
    0x080003c8   0x080003c8   0x00000020   Code   RO         9279    .text               mc_w.l(llushr.o)
    0x080003e8   0x080003e8   0x00000000   Code   RO         9288    .text               mc_w.l(iusefp.o)
    0x080003e8   0x080003e8   0x0000014e   Code   RO         9289    .text               mf_w.l(dadd.o)
    0x08000536   0x08000536   0x000000e4   Code   RO         9291    .text               mf_w.l(dmul.o)
    0x0800061a   0x0800061a   0x000000de   Code   RO         9293    .text               mf_w.l(ddiv.o)
    0x080006f8   0x080006f8   0x00000030   Code   RO         9295    .text               mf_w.l(dfixul.o)
    0x08000728   0x08000728   0x00000030   Code   RO         9297    .text               mf_w.l(cdrcmple.o)
    0x08000758   0x08000758   0x00000024   Code   RO         9301    .text               mc_w.l(init.o)
    0x0800077c   0x0800077c   0x00000024   Code   RO         9304    .text               mc_w.l(llsshr.o)
    0x080007a0   0x080007a0   0x000000ba   Code   RO         9307    .text               mf_w.l(depilogue.o)
    0x0800085a   0x0800085a   0x00000056   Code   RO         9317    .text               mc_w.l(__dczerorl2.o)
    0x080008b0   0x080008b0   0x00000108   Code   RO         5058    i.ADC_ConfigureBoostMode  stm32h7xx_hal_adc.o
    0x080009b8   0x080009b8   0x000000e4   Code   RO         5059    i.ADC_ConversionStop  stm32h7xx_hal_adc.o
    0x08000a9c   0x08000a9c   0x00000070   Code   RO         5063    i.ADC_Disable       stm32h7xx_hal_adc.o
    0x08000b0c   0x08000b0c   0x000000a8   Code   RO         5064    i.ADC_Enable        stm32h7xx_hal_adc.o
    0x08000bb4   0x08000bb4   0x00000026   Code   RO          374    i.Adc_Get_Light_average  adc.o
    0x08000bda   0x08000bda   0x00000002   PAD
    0x08000bdc   0x08000bdc   0x00000026   Code   RO          375    i.Adc_Get_Noise_average  adc.o
    0x08000c02   0x08000c02   0x00000002   PAD
    0x08000c04   0x08000c04   0x00000026   Code   RO          376    i.Adc_Get_Tempure_average  adc.o
    0x08000c2a   0x08000c2a   0x0000001e   Code   RO          377    i.Atk_Light_Get_Val  adc.o
    0x08000c48   0x08000c48   0x00000050   Code   RO          572    i.BSP_SD_Init       sdmmc.o
    0x08000c98   0x08000c98   0x0000000c   Code   RO          573    i.BSP_SD_IsDetected  sdmmc.o
    0x08000ca4   0x08000ca4   0x00000002   Code   RO          577    i.BSP_SD_ReadCpltCallback  sdmmc.o
    0x08000ca6   0x08000ca6   0x00000002   PAD
    0x08000ca8   0x08000ca8   0x0000002c   Code   RO          578    i.BSP_SD_WriteBlocks  sdmmc.o
    0x08000cd4   0x08000cd4   0x00000002   Code   RO          581    i.BSP_SD_WriteCpltCallback  sdmmc.o
    0x08000cd6   0x08000cd6   0x00000002   Code   RO         1200    i.BusFault_Handler  stm32h7xx_it.o
    0x08000cd8   0x08000cd8   0x00000004   Code   RO         1783    i.CDC_Control_FS    usbd_cdc_if.o
    0x08000cdc   0x08000cdc   0x00000004   Code   RO         1784    i.CDC_DeInit_FS     usbd_cdc_if.o
    0x08000ce0   0x08000ce0   0x00000024   Code   RO         1785    i.CDC_Init_FS       usbd_cdc_if.o
    0x08000d04   0x08000d04   0x00000018   Code   RO         1786    i.CDC_Receive_FS    usbd_cdc_if.o
    0x08000d1c   0x08000d1c   0x00000004   Code   RO         1787    i.CDC_TransmitCplt_FS  usbd_cdc_if.o
    0x08000d20   0x08000d20   0x0000000c   Code   RO         1201    i.DMA1_Stream0_IRQHandler  stm32h7xx_it.o
    0x08000d2c   0x08000d2c   0x0000000c   Code   RO         1202    i.DMA1_Stream1_IRQHandler  stm32h7xx_it.o
    0x08000d38   0x08000d38   0x000000b4   Code   RO         3288    i.DMA_CalcBaseAndBitshift  stm32h7xx_hal_dma.o
    0x08000dec   0x08000dec   0x0000009c   Code   RO         3289    i.DMA_CalcDMAMUXChannelBaseAndMask  stm32h7xx_hal_dma.o
    0x08000e88   0x08000e88   0x00000074   Code   RO         3290    i.DMA_CalcDMAMUXRequestGenBaseAndMask  stm32h7xx_hal_dma.o
    0x08000efc   0x08000efc   0x00000054   Code   RO         3291    i.DMA_CheckFifoParam  stm32h7xx_hal_dma.o
    0x08000f50   0x08000f50   0x00000002   Code   RO         1203    i.DebugMon_Handler  stm32h7xx_it.o
    0x08000f52   0x08000f52   0x00000004   Code   RO           13    i.Error_Handler     main.o
    0x08000f56   0x08000f56   0x00000002   PAD
    0x08000f58   0x08000f58   0x00000024   Code   RO         3062    i.FLASH_Erase_Sector  stm32h7xx_hal_flash_ex.o
    0x08000f7c   0x08000f7c   0x00000004   Code   RO         1204    i.FLASH_IRQHandler  stm32h7xx_it.o
    0x08000f80   0x08000f80   0x0000009c   Code   RO         5275    i.HAL_ADCEx_Calibration_Start  stm32h7xx_hal_adc_ex.o
    0x0800101c   0x0800101c   0x00000128   Code   RO         5295    i.HAL_ADCEx_MultiModeConfigChannel  stm32h7xx_hal_adc_ex.o
    0x08001144   0x08001144   0x00000420   Code   RO         5066    i.HAL_ADC_ConfigChannel  stm32h7xx_hal_adc.o
    0x08001564   0x08001564   0x00000006   Code   RO         5073    i.HAL_ADC_GetValue  stm32h7xx_hal_adc.o
    0x0800156a   0x0800156a   0x00000002   PAD
    0x0800156c   0x0800156c   0x00000228   Code   RO         5075    i.HAL_ADC_Init      stm32h7xx_hal_adc.o
    0x08001794   0x08001794   0x000000d8   Code   RO          379    i.HAL_ADC_MspInit   adc.o
    0x0800186c   0x0800186c   0x00000124   Code   RO         5079    i.HAL_ADC_PollForConversion  stm32h7xx_hal_adc.o
    0x08001990   0x08001990   0x00000108   Code   RO         5081    i.HAL_ADC_Start     stm32h7xx_hal_adc.o
    0x08001a98   0x08001a98   0x0000003e   Code   RO         5084    i.HAL_ADC_Stop      stm32h7xx_hal_adc.o
    0x08001ad6   0x08001ad6   0x00000002   PAD
    0x08001ad8   0x08001ad8   0x00000360   Code   RO         3293    i.HAL_DMA_Abort     stm32h7xx_hal_dma.o
    0x08001e38   0x08001e38   0x00000284   Code   RO         3294    i.HAL_DMA_Abort_IT  stm32h7xx_hal_dma.o
    0x080020bc   0x080020bc   0x000006e8   Code   RO         3298    i.HAL_DMA_IRQHandler  stm32h7xx_hal_dma.o
    0x080027a4   0x080027a4   0x000003c4   Code   RO         3299    i.HAL_DMA_Init      stm32h7xx_hal_dma.o
    0x08002b68   0x08002b68   0x00000024   Code   RO         4155    i.HAL_Delay         stm32h7xx_hal.o
    0x08002b8c   0x08002b8c   0x00000002   Code   RO         2957    i.HAL_FLASH_EndOfOperationCallback  stm32h7xx_hal_flash.o
    0x08002b8e   0x08002b8e   0x00000002   PAD
    0x08002b90   0x08002b90   0x000000cc   Code   RO         2959    i.HAL_FLASH_IRQHandler  stm32h7xx_hal_flash.o
    0x08002c5c   0x08002c5c   0x00000002   Code   RO         2964    i.HAL_FLASH_OperationErrorCallback  stm32h7xx_hal_flash.o
    0x08002c5e   0x08002c5e   0x00000002   PAD
    0x08002c60   0x08002c60   0x0000022c   Code   RO         3141    i.HAL_GPIO_Init     stm32h7xx_hal_gpio.o
    0x08002e8c   0x08002e8c   0x0000000a   Code   RO         3143    i.HAL_GPIO_ReadPin  stm32h7xx_hal_gpio.o
    0x08002e96   0x08002e96   0x00000010   Code   RO         3144    i.HAL_GPIO_TogglePin  stm32h7xx_hal_gpio.o
    0x08002ea6   0x08002ea6   0x0000000a   Code   RO         3145    i.HAL_GPIO_WritePin  stm32h7xx_hal_gpio.o
    0x08002eb0   0x08002eb0   0x0000000c   Code   RO         4166    i.HAL_GetREVID      stm32h7xx_hal.o
    0x08002ebc   0x08002ebc   0x0000000c   Code   RO         4167    i.HAL_GetTick       stm32h7xx_hal.o
    0x08002ec8   0x08002ec8   0x00000010   Code   RO         4173    i.HAL_IncTick       stm32h7xx_hal.o
    0x08002ed8   0x08002ed8   0x0000005c   Code   RO         4174    i.HAL_Init          stm32h7xx_hal.o
    0x08002f34   0x08002f34   0x00000040   Code   RO         4175    i.HAL_InitTick      stm32h7xx_hal.o
    0x08002f74   0x08002f74   0x0000005c   Code   RO         3996    i.HAL_MPU_ConfigRegion  stm32h7xx_hal_cortex.o
    0x08002fd0   0x08002fd0   0x0000001c   Code   RO         3997    i.HAL_MPU_Disable   stm32h7xx_hal_cortex.o
    0x08002fec   0x08002fec   0x00000024   Code   RO         3999    i.HAL_MPU_Enable    stm32h7xx_hal_cortex.o
    0x08003010   0x08003010   0x0000002c   Code   RO         1330    i.HAL_MspInit       stm32h7xx_hal_msp.o
    0x0800303c   0x0800303c   0x0000001a   Code   RO         4003    i.HAL_NVIC_EnableIRQ  stm32h7xx_hal_cortex.o
    0x08003056   0x08003056   0x00000002   PAD
    0x08003058   0x08003058   0x00000040   Code   RO         4009    i.HAL_NVIC_SetPriority  stm32h7xx_hal_cortex.o
    0x08003098   0x08003098   0x00000024   Code   RO         4010    i.HAL_NVIC_SetPriorityGrouping  stm32h7xx_hal_cortex.o
    0x080030bc   0x080030bc   0x00000028   Code   RO         2292    i.HAL_PCDEx_ActivateLPM  stm32h7xx_hal_pcd_ex.o
    0x080030e4   0x080030e4   0x00000002   Code   RO         2297    i.HAL_PCDEx_LPM_Callback  stm32h7xx_hal_pcd_ex.o
    0x080030e6   0x080030e6   0x00000008   Code   RO         2298    i.HAL_PCDEx_SetRxFiFo  stm32h7xx_hal_pcd_ex.o
    0x080030ee   0x080030ee   0x00000046   Code   RO         2299    i.HAL_PCDEx_SetTxFiFo  stm32h7xx_hal_pcd_ex.o
    0x08003134   0x08003134   0x00000008   Code   RO         1852    i.HAL_PCD_ConnectCallback  usbd_conf.o
    0x0800313c   0x0800313c   0x00000012   Code   RO         1853    i.HAL_PCD_DataInStageCallback  usbd_conf.o
    0x0800314e   0x0800314e   0x00000014   Code   RO         1854    i.HAL_PCD_DataOutStageCallback  usbd_conf.o
    0x08003162   0x08003162   0x00000008   Code   RO         1855    i.HAL_PCD_DisconnectCallback  usbd_conf.o
    0x0800316a   0x0800316a   0x0000001e   Code   RO         2068    i.HAL_PCD_EP_Abort  stm32h7xx_hal_pcd.o
    0x08003188   0x08003188   0x0000004a   Code   RO         2069    i.HAL_PCD_EP_Close  stm32h7xx_hal_pcd.o
    0x080031d2   0x080031d2   0x0000005a   Code   RO         2070    i.HAL_PCD_EP_ClrStall  stm32h7xx_hal_pcd.o
    0x0800322c   0x0800322c   0x00000012   Code   RO         2072    i.HAL_PCD_EP_GetRxCount  stm32h7xx_hal_pcd.o
    0x0800323e   0x0800323e   0x00000062   Code   RO         2073    i.HAL_PCD_EP_Open   stm32h7xx_hal_pcd.o
    0x080032a0   0x080032a0   0x00000034   Code   RO         2074    i.HAL_PCD_EP_Receive  stm32h7xx_hal_pcd.o
    0x080032d4   0x080032d4   0x00000072   Code   RO         2075    i.HAL_PCD_EP_SetStall  stm32h7xx_hal_pcd.o
    0x08003346   0x08003346   0x00000034   Code   RO         2076    i.HAL_PCD_EP_Transmit  stm32h7xx_hal_pcd.o
    0x0800337a   0x0800337a   0x00000002   PAD
    0x0800337c   0x0800337c   0x00000594   Code   RO         2078    i.HAL_PCD_IRQHandler  stm32h7xx_hal_pcd.o
    0x08003910   0x08003910   0x00000008   Code   RO         1856    i.HAL_PCD_ISOINIncompleteCallback  usbd_conf.o
    0x08003918   0x08003918   0x00000008   Code   RO         1857    i.HAL_PCD_ISOOUTIncompleteCallback  usbd_conf.o
    0x08003920   0x08003920   0x000000cc   Code   RO         2081    i.HAL_PCD_Init      stm32h7xx_hal_pcd.o
    0x080039ec   0x080039ec   0x000000a0   Code   RO         1859    i.HAL_PCD_MspInit   usbd_conf.o
    0x08003a8c   0x08003a8c   0x0000002c   Code   RO         1860    i.HAL_PCD_ResetCallback  usbd_conf.o
    0x08003ab8   0x08003ab8   0x00000008   Code   RO         1861    i.HAL_PCD_ResumeCallback  usbd_conf.o
    0x08003ac0   0x08003ac0   0x00000008   Code   RO         1862    i.HAL_PCD_SOFCallback  usbd_conf.o
    0x08003ac8   0x08003ac8   0x00000026   Code   RO         2087    i.HAL_PCD_SetAddress  stm32h7xx_hal_pcd.o
    0x08003aee   0x08003aee   0x0000000e   Code   RO         1863    i.HAL_PCD_SetupStageCallback  usbd_conf.o
    0x08003afc   0x08003afc   0x00000042   Code   RO         2090    i.HAL_PCD_Start     stm32h7xx_hal_pcd.o
    0x08003b3e   0x08003b3e   0x00000002   PAD
    0x08003b40   0x08003b40   0x00000030   Code   RO         1864    i.HAL_PCD_SuspendCallback  usbd_conf.o
    0x08003b70   0x08003b70   0x00000054   Code   RO         3742    i.HAL_PWREx_ConfigSupply  stm32h7xx_hal_pwr_ex.o
    0x08003bc4   0x08003bc4   0x00000010   Code   RO         3759    i.HAL_PWREx_EnableUSBVoltageDetector  stm32h7xx_hal_pwr_ex.o
    0x08003bd4   0x08003bd4   0x00000010   Code   RO         3624    i.HAL_PWR_EnableBkUpAccess  stm32h7xx_hal_pwr.o
    0x08003be4   0x08003be4   0x00000024   Code   RO         2784    i.HAL_RCCEx_GetD3PCLK1Freq  stm32h7xx_hal_rcc_ex.o
    0x08003c08   0x08003c08   0x00000148   Code   RO         2785    i.HAL_RCCEx_GetPLL1ClockFreq  stm32h7xx_hal_rcc_ex.o
    0x08003d50   0x08003d50   0x00000144   Code   RO         2786    i.HAL_RCCEx_GetPLL2ClockFreq  stm32h7xx_hal_rcc_ex.o
    0x08003e94   0x08003e94   0x00000144   Code   RO         2787    i.HAL_RCCEx_GetPLL3ClockFreq  stm32h7xx_hal_rcc_ex.o
    0x08003fd8   0x08003fd8   0x000002c8   Code   RO         2789    i.HAL_RCCEx_GetPeriphCLKFreq  stm32h7xx_hal_rcc_ex.o
    0x080042a0   0x080042a0   0x000009ac   Code   RO         2793    i.HAL_RCCEx_PeriphCLKConfig  stm32h7xx_hal_rcc_ex.o
    0x08004c4c   0x08004c4c   0x0000025c   Code   RO         2669    i.HAL_RCC_ClockConfig  stm32h7xx_hal_rcc.o
    0x08004ea8   0x08004ea8   0x00000044   Code   RO         2674    i.HAL_RCC_GetHCLKFreq  stm32h7xx_hal_rcc.o
    0x08004eec   0x08004eec   0x00000024   Code   RO         2676    i.HAL_RCC_GetPCLK1Freq  stm32h7xx_hal_rcc.o
    0x08004f10   0x08004f10   0x00000024   Code   RO         2677    i.HAL_RCC_GetPCLK2Freq  stm32h7xx_hal_rcc.o
    0x08004f34   0x08004f34   0x00000138   Code   RO         2678    i.HAL_RCC_GetSysClockFreq  stm32h7xx_hal_rcc.o
    0x0800506c   0x0800506c   0x00000582   Code   RO         2681    i.HAL_RCC_OscConfig  stm32h7xx_hal_rcc.o
    0x080055ee   0x080055ee   0x00000002   PAD
    0x080055f0   0x080055f0   0x000000a0   Code   RO         5507    i.HAL_RTC_Init      stm32h7xx_hal_rtc.o
    0x08005690   0x08005690   0x00000044   Code   RO          522    i.HAL_RTC_MspInit   rtc.o
    0x080056d4   0x080056d4   0x00000038   Code   RO         5515    i.HAL_RTC_WaitForSynchro  stm32h7xx_hal_rtc.o
    0x0800570c   0x0800570c   0x00000002   Code   RO         6257    i.HAL_SDEx_Read_DMADoubleBuf0CpltCallback  stm32h7xx_hal_sd.o
    0x0800570e   0x0800570e   0x00000002   Code   RO         6258    i.HAL_SDEx_Read_DMADoubleBuf1CpltCallback  stm32h7xx_hal_sd.o
    0x08005710   0x08005710   0x00000002   Code   RO         6259    i.HAL_SDEx_Write_DMADoubleBuf0CpltCallback  stm32h7xx_hal_sd.o
    0x08005712   0x08005712   0x00000002   Code   RO         6260    i.HAL_SDEx_Write_DMADoubleBuf1CpltCallback  stm32h7xx_hal_sd.o
    0x08005714   0x08005714   0x000000c4   Code   RO         6264    i.HAL_SD_ConfigSpeedBusOperation  stm32h7xx_hal_sd.o
    0x080057d8   0x080057d8   0x00000188   Code   RO         6265    i.HAL_SD_ConfigWideBusOperation  stm32h7xx_hal_sd.o
    0x08005960   0x08005960   0x00000002   Code   RO         6268    i.HAL_SD_ErrorCallback  stm32h7xx_hal_sd.o
    0x08005962   0x08005962   0x00000002   PAD
    0x08005964   0x08005964   0x000001bc   Code   RO         6270    i.HAL_SD_GetCardCSD  stm32h7xx_hal_sd.o
    0x08005b20   0x08005b20   0x0000002c   Code   RO         6272    i.HAL_SD_GetCardState  stm32h7xx_hal_sd.o
    0x08005b4c   0x08005b4c   0x000000cc   Code   RO         6273    i.HAL_SD_GetCardStatus  stm32h7xx_hal_sd.o
    0x08005c18   0x08005c18   0x00000240   Code   RO         6276    i.HAL_SD_IRQHandler  stm32h7xx_hal_sd.o
    0x08005e58   0x08005e58   0x0000009a   Code   RO         6277    i.HAL_SD_Init       stm32h7xx_hal_sd.o
    0x08005ef2   0x08005ef2   0x00000002   PAD
    0x08005ef4   0x08005ef4   0x000000ac   Code   RO         6278    i.HAL_SD_InitCard   stm32h7xx_hal_sd.o
    0x08005fa0   0x08005fa0   0x000000c4   Code   RO          584    i.HAL_SD_MspInit    sdmmc.o
    0x08006064   0x08006064   0x00000018   Code   RO          585    i.HAL_SD_RxCpltCallback  sdmmc.o
    0x0800607c   0x0800607c   0x00000018   Code   RO          586    i.HAL_SD_TxCpltCallback  sdmmc.o
    0x08006094   0x08006094   0x000001dc   Code   RO         6286    i.HAL_SD_WriteBlocks  stm32h7xx_hal_sd.o
    0x08006270   0x08006270   0x00000002   Code   RO         6577    i.HAL_SPI_ErrorCallback  stm32h7xx_hal_spi.o
    0x08006272   0x08006272   0x00000002   PAD
    0x08006274   0x08006274   0x0000021c   Code   RO         6580    i.HAL_SPI_IRQHandler  stm32h7xx_hal_spi.o
    0x08006490   0x08006490   0x0000017c   Code   RO         6581    i.HAL_SPI_Init      stm32h7xx_hal_spi.o
    0x0800660c   0x0800660c   0x000000c4   Code   RO          761    i.HAL_SPI_MspInit   spi.o
    0x080066d0   0x080066d0   0x00000002   Code   RO         6587    i.HAL_SPI_RxCpltCallback  stm32h7xx_hal_spi.o
    0x080066d2   0x080066d2   0x00000002   Code   RO         6589    i.HAL_SPI_SuspendCallback  stm32h7xx_hal_spi.o
    0x080066d4   0x080066d4   0x00000238   Code   RO         6590    i.HAL_SPI_Transmit  stm32h7xx_hal_spi.o
    0x0800690c   0x0800690c   0x00000002   Code   RO         6596    i.HAL_SPI_TxCpltCallback  stm32h7xx_hal_spi.o
    0x0800690e   0x0800690e   0x00000002   Code   RO         6598    i.HAL_SPI_TxRxCpltCallback  stm32h7xx_hal_spi.o
    0x08006910   0x08006910   0x00000010   Code   RO         4179    i.HAL_SYSCFG_AnalogSwitchConfig  stm32h7xx_hal.o
    0x08006920   0x08006920   0x00000026   Code   RO         4014    i.HAL_SYSTICK_Config  stm32h7xx_hal_cortex.o
    0x08006946   0x08006946   0x00000002   Code   RO         7615    i.HAL_TIMEx_Break2Callback  stm32h7xx_hal_tim_ex.o
    0x08006948   0x08006948   0x00000002   Code   RO         7616    i.HAL_TIMEx_BreakCallback  stm32h7xx_hal_tim_ex.o
    0x0800694a   0x0800694a   0x00000002   Code   RO         7617    i.HAL_TIMEx_CommutCallback  stm32h7xx_hal_tim_ex.o
    0x0800694c   0x0800694c   0x000000a4   Code   RO         7637    i.HAL_TIMEx_MasterConfigSynchronization  stm32h7xx_hal_tim_ex.o
    0x080069f0   0x080069f0   0x00000062   Code   RO         6901    i.HAL_TIM_Base_Init  stm32h7xx_hal_tim.o
    0x08006a52   0x08006a52   0x00000002   PAD
    0x08006a54   0x08006a54   0x0000003c   Code   RO         1104    i.HAL_TIM_Base_MspInit  tim.o
    0x08006a90   0x08006a90   0x0000008c   Code   RO         6906    i.HAL_TIM_Base_Start_IT  stm32h7xx_hal_tim.o
    0x08006b1c   0x08006b1c   0x000000fc   Code   RO         6910    i.HAL_TIM_ConfigClockSource  stm32h7xx_hal_tim.o
    0x08006c18   0x08006c18   0x00000002   Code   RO         6935    i.HAL_TIM_IC_CaptureCallback  stm32h7xx_hal_tim.o
    0x08006c1a   0x08006c1a   0x00000148   Code   RO         6949    i.HAL_TIM_IRQHandler  stm32h7xx_hal_tim.o
    0x08006d62   0x08006d62   0x00000002   Code   RO         6952    i.HAL_TIM_OC_DelayElapsedCallback  stm32h7xx_hal_tim.o
    0x08006d64   0x08006d64   0x00000002   Code   RO         6979    i.HAL_TIM_PWM_PulseFinishedCallback  stm32h7xx_hal_tim.o
    0x08006d66   0x08006d66   0x00000002   PAD
    0x08006d68   0x08006d68   0x000000c4   Code   RO           14    i.HAL_TIM_PeriodElapsedCallback  main.o
    0x08006e2c   0x08006e2c   0x00000002   Code   RO         6992    i.HAL_TIM_TriggerCallback  stm32h7xx_hal_tim.o
    0x08006e2e   0x08006e2e   0x00000040   Code   RO         8326    i.HAL_UARTEx_DisableFifoMode  stm32h7xx_hal_uart_ex.o
    0x08006e6e   0x08006e6e   0x0000004e   Code   RO         8333    i.HAL_UARTEx_ReceiveToIdle_IT  stm32h7xx_hal_uart_ex.o
    0x08006ebc   0x08006ebc   0x00000088   Code   RO         1145    i.HAL_UARTEx_RxEventCallback  usart.o
    0x08006f44   0x08006f44   0x00000002   Code   RO         8334    i.HAL_UARTEx_RxFifoFullCallback  stm32h7xx_hal_uart_ex.o
    0x08006f46   0x08006f46   0x0000004c   Code   RO         8335    i.HAL_UARTEx_SetRxFifoThreshold  stm32h7xx_hal_uart_ex.o
    0x08006f92   0x08006f92   0x0000004c   Code   RO         8336    i.HAL_UARTEx_SetTxFifoThreshold  stm32h7xx_hal_uart_ex.o
    0x08006fde   0x08006fde   0x00000002   Code   RO         8338    i.HAL_UARTEx_TxFifoEmptyCallback  stm32h7xx_hal_uart_ex.o
    0x08006fe0   0x08006fe0   0x00000002   Code   RO         8339    i.HAL_UARTEx_WakeupCallback  stm32h7xx_hal_uart_ex.o
    0x08006fe2   0x08006fe2   0x00000002   Code   RO         7931    i.HAL_UART_ErrorCallback  stm32h7xx_hal_uart.o
    0x08006fe4   0x08006fe4   0x0000039c   Code   RO         7934    i.HAL_UART_IRQHandler  stm32h7xx_hal_uart.o
    0x08007380   0x08007380   0x0000006a   Code   RO         7935    i.HAL_UART_Init     stm32h7xx_hal_uart.o
    0x080073ea   0x080073ea   0x00000002   PAD
    0x080073ec   0x080073ec   0x0000016c   Code   RO         1147    i.HAL_UART_MspInit  usart.o
    0x08007558   0x08007558   0x00000002   Code   RO         7942    i.HAL_UART_RxCpltCallback  stm32h7xx_hal_uart.o
    0x0800755a   0x0800755a   0x000000b0   Code   RO         7944    i.HAL_UART_Transmit  stm32h7xx_hal_uart.o
    0x0800760a   0x0800760a   0x00000002   Code   RO         7947    i.HAL_UART_TxCpltCallback  stm32h7xx_hal_uart.o
    0x0800760c   0x0800760c   0x00000002   Code   RO         1205    i.HardFault_Handler  stm32h7xx_it.o
    0x0800760e   0x0800760e   0x00000002   PAD
    0x08007610   0x08007610   0x00000038   Code   RO         1696    i.IntToUnicode      usbd_desc.o
    0x08007648   0x08007648   0x0000003c   Code   RO         1617    i.KEY_Init          key.o
    0x08007684   0x08007684   0x00000050   Code   RO         1619    i.KEY_Scan1         key.o
    0x080076d4   0x080076d4   0x00000058   Code   RO          762    i.LCD_Clear         spi.o
    0x0800772c   0x0800772c   0x000000b4   Code   RO          765    i.LCD_DisplayChar   spi.o
    0x080077e0   0x080077e0   0x00000040   Code   RO          767    i.LCD_DisplayDecimals  spi.o
    0x08007820   0x08007820   0x0000003c   Code   RO          768    i.LCD_DisplayNumber  spi.o
    0x0800785c   0x0800785c   0x0000003c   Code   RO          769    i.LCD_DisplayString  spi.o
    0x08007898   0x08007898   0x000000bc   Code   RO          781    i.LCD_SPI_CloseTransfer  spi.o
    0x08007954   0x08007954   0x00000158   Code   RO          782    i.LCD_SPI_Transmit  spi.o
    0x08007aac   0x08007aac   0x00000042   Code   RO          784    i.LCD_SPI_WaitOnFlagUntilTimeout  spi.o
    0x08007aee   0x08007aee   0x00000002   PAD
    0x08007af0   0x08007af0   0x00000054   Code   RO          785    i.LCD_SetAddress    spi.o
    0x08007b44   0x08007b44   0x0000000c   Code   RO          786    i.LCD_SetAsciiFont  spi.o
    0x08007b50   0x08007b50   0x00000024   Code   RO          787    i.LCD_SetBackColor  spi.o
    0x08007b74   0x08007b74   0x00000024   Code   RO          788    i.LCD_SetColor      spi.o
    0x08007b98   0x08007b98   0x00000070   Code   RO          789    i.LCD_SetDirection  spi.o
    0x08007c08   0x08007c08   0x0000000c   Code   RO          791    i.LCD_ShowNumMode   spi.o
    0x08007c14   0x08007c14   0x00000040   Code   RO          792    i.LCD_WriteBuff     spi.o
    0x08007c54   0x08007c54   0x00000028   Code   RO          793    i.LCD_WriteCommand  spi.o
    0x08007c7c   0x08007c7c   0x00000030   Code   RO          794    i.LCD_WriteData_16bit  spi.o
    0x08007cac   0x08007cac   0x00000024   Code   RO          795    i.LCD_WriteData_8bit  spi.o
    0x08007cd0   0x08007cd0   0x00000008   Code   RO         5087    i.LL_ADC_INJ_IsConversionOngoing  stm32h7xx_hal_adc.o
    0x08007cd8   0x08007cd8   0x00000008   Code   RO         5088    i.LL_ADC_REG_IsConversionOngoing  stm32h7xx_hal_adc.o
    0x08007ce0   0x08007ce0   0x00000008   Code   RO         5305    i.LL_ADC_REG_IsConversionOngoing  stm32h7xx_hal_adc_ex.o
    0x08007ce8   0x08007ce8   0x00000010   Code   RO         5089    i.LL_ADC_REG_IsTriggerSourceSWStart  stm32h7xx_hal_adc.o
    0x08007cf8   0x08007cf8   0x0000004a   Code   RO           15    i.MPU_Config        main.o
    0x08007d42   0x08007d42   0x00000002   PAD
    0x08007d44   0x08007d44   0x0000009c   Code   RO          380    i.MX_ADC1_Init      adc.o
    0x08007de0   0x08007de0   0x00000080   Code   RO          381    i.MX_ADC3_Init      adc.o
    0x08007e60   0x08007e60   0x0000003c   Code   RO          479    i.MX_DMA_Init       dma.o
    0x08007e9c   0x08007e9c   0x000000c8   Code   RO          346    i.MX_GPIO_Init      gpio.o
    0x08007f64   0x08007f64   0x00000038   Code   RO          523    i.MX_RTC_Init       rtc.o
    0x08007f9c   0x08007f9c   0x0000002c   Code   RO          587    i.MX_SDMMC1_SD_Init  sdmmc.o
    0x08007fc8   0x08007fc8   0x0000005c   Code   RO          797    i.MX_SPI4_Init      spi.o
    0x08008024   0x08008024   0x00000070   Code   RO         1105    i.MX_TIM1_Init      tim.o
    0x08008094   0x08008094   0x00000068   Code   RO         1148    i.MX_USART1_UART_Init  usart.o
    0x080080fc   0x080080fc   0x00000068   Code   RO         1149    i.MX_USART2_UART_Init  usart.o
    0x08008164   0x08008164   0x00000078   Code   RO         1654    i.MX_USB_DEVICE_Init  usb_device.o
    0x080081dc   0x080081dc   0x00000002   Code   RO         1206    i.MemManage_Handler  stm32h7xx_it.o
    0x080081de   0x080081de   0x00000002   Code   RO         1207    i.NMI_Handler       stm32h7xx_it.o
    0x080081e0   0x080081e0   0x0000000c   Code   RO         1208    i.OTG_FS_IRQHandler  stm32h7xx_it.o
    0x080081ec   0x080081ec   0x000000cc   Code   RO         2093    i.PCD_EP_OutXfrComplete_int  stm32h7xx_hal_pcd.o
    0x080082b8   0x080082b8   0x000000a2   Code   RO         2094    i.PCD_WriteEmptyTxFifo  stm32h7xx_hal_pcd.o
    0x0800835a   0x0800835a   0x00000002   Code   RO         1209    i.PendSV_Handler    stm32h7xx_it.o
    0x0800835c   0x0800835c   0x00000042   Code   RO           16    i.PeriphCommonClock_Config  main.o
    0x0800839e   0x0800839e   0x00000002   PAD
    0x080083a0   0x080083a0   0x00000120   Code   RO         2796    i.RCCEx_PLL2_Config  stm32h7xx_hal_rcc_ex.o
    0x080084c0   0x080084c0   0x00000120   Code   RO         2797    i.RCCEx_PLL3_Config  stm32h7xx_hal_rcc_ex.o
    0x080085e0   0x080085e0   0x00000046   Code   RO         5518    i.RTC_EnterInitMode  stm32h7xx_hal_rtc.o
    0x08008626   0x08008626   0x00000002   PAD
    0x08008628   0x08008628   0x00000054   Code   RO         5519    i.RTC_ExitInitMode  stm32h7xx_hal_rtc.o
    0x0800867c   0x0800867c   0x00000060   Code   RO          382    i.Read_Light_Sensor  adc.o
    0x080086dc   0x080086dc   0x00000060   Code   RO          383    i.Read_Noise_Sensor  adc.o
    0x0800873c   0x0800873c   0x00000094   Code   RO          384    i.Read_Power        adc.o
    0x080087d0   0x080087d0   0x00000060   Code   RO          385    i.Read_tempure_sensor  adc.o
    0x08008830   0x08008830   0x0000000c   Code   RO         1210    i.SDMMC1_IRQHandler  stm32h7xx_it.o
    0x0800883c   0x0800883c   0x00000034   Code   RO         5881    i.SDMMC_CmdAppCommand  stm32h7xx_ll_sdmmc.o
    0x08008870   0x08008870   0x0000002e   Code   RO         5882    i.SDMMC_CmdAppOperCommand  stm32h7xx_ll_sdmmc.o
    0x0800889e   0x0800889e   0x00000032   Code   RO         5884    i.SDMMC_CmdBlockLength  stm32h7xx_ll_sdmmc.o
    0x080088d0   0x080088d0   0x00000034   Code   RO         5885    i.SDMMC_CmdBusWidth  stm32h7xx_ll_sdmmc.o
    0x08008904   0x08008904   0x00000054   Code   RO         5889    i.SDMMC_CmdGoIdleState  stm32h7xx_ll_sdmmc.o
    0x08008958   0x08008958   0x00000028   Code   RO         5891    i.SDMMC_CmdOperCond  stm32h7xx_ll_sdmmc.o
    0x08008980   0x08008980   0x00000034   Code   RO         5896    i.SDMMC_CmdSelDesel  stm32h7xx_ll_sdmmc.o
    0x080089b4   0x080089b4   0x0000002c   Code   RO         5897    i.SDMMC_CmdSendCID  stm32h7xx_ll_sdmmc.o
    0x080089e0   0x080089e0   0x00000030   Code   RO         5898    i.SDMMC_CmdSendCSD  stm32h7xx_ll_sdmmc.o
    0x08008a10   0x08008a10   0x00000032   Code   RO         5901    i.SDMMC_CmdSendSCR  stm32h7xx_ll_sdmmc.o
    0x08008a42   0x08008a42   0x00000034   Code   RO         5902    i.SDMMC_CmdSendStatus  stm32h7xx_ll_sdmmc.o
    0x08008a76   0x08008a76   0x00000032   Code   RO         5903    i.SDMMC_CmdSetRelAdd  stm32h7xx_ll_sdmmc.o
    0x08008aa8   0x08008aa8   0x00000032   Code   RO         5906    i.SDMMC_CmdStatusRegister  stm32h7xx_ll_sdmmc.o
    0x08008ada   0x08008ada   0x00000002   PAD
    0x08008adc   0x08008adc   0x00000054   Code   RO         5907    i.SDMMC_CmdStopTransfer  stm32h7xx_ll_sdmmc.o
    0x08008b30   0x08008b30   0x00000034   Code   RO         5908    i.SDMMC_CmdSwitch   stm32h7xx_ll_sdmmc.o
    0x08008b64   0x08008b64   0x00000034   Code   RO         5910    i.SDMMC_CmdWriteMultiBlock  stm32h7xx_ll_sdmmc.o
    0x08008b98   0x08008b98   0x00000034   Code   RO         5911    i.SDMMC_CmdWriteSingleBlock  stm32h7xx_ll_sdmmc.o
    0x08008bcc   0x08008bcc   0x00000026   Code   RO         5912    i.SDMMC_ConfigData  stm32h7xx_ll_sdmmc.o
    0x08008bf2   0x08008bf2   0x00000002   PAD
    0x08008bf4   0x08008bf4   0x00000124   Code   RO         5913    i.SDMMC_GetCmdResp1  stm32h7xx_ll_sdmmc.o
    0x08008d18   0x08008d18   0x00000054   Code   RO         5914    i.SDMMC_GetCmdResp2  stm32h7xx_ll_sdmmc.o
    0x08008d6c   0x08008d6c   0x00000048   Code   RO         5915    i.SDMMC_GetCmdResp3  stm32h7xx_ll_sdmmc.o
    0x08008db4   0x08008db4   0x0000008c   Code   RO         5918    i.SDMMC_GetCmdResp6  stm32h7xx_ll_sdmmc.o
    0x08008e40   0x08008e40   0x00000058   Code   RO         5919    i.SDMMC_GetCmdResp7  stm32h7xx_ll_sdmmc.o
    0x08008e98   0x08008e98   0x00000008   Code   RO         5923    i.SDMMC_GetPowerState  stm32h7xx_ll_sdmmc.o
    0x08008ea0   0x08008ea0   0x00000006   Code   RO         5924    i.SDMMC_GetResponse  stm32h7xx_ll_sdmmc.o
    0x08008ea6   0x08008ea6   0x00000002   PAD
    0x08008ea8   0x08008ea8   0x00000020   Code   RO         5925    i.SDMMC_Init        stm32h7xx_ll_sdmmc.o
    0x08008ec8   0x08008ec8   0x0000000c   Code   RO         5928    i.SDMMC_PowerState_ON  stm32h7xx_ll_sdmmc.o
    0x08008ed4   0x08008ed4   0x00000006   Code   RO         5929    i.SDMMC_ReadFIFO    stm32h7xx_ll_sdmmc.o
    0x08008eda   0x08008eda   0x00000002   PAD
    0x08008edc   0x08008edc   0x00000028   Code   RO         5932    i.SDMMC_SendCommand  stm32h7xx_ll_sdmmc.o
    0x08008f04   0x08008f04   0x0000000a   Code   RO         5934    i.SDMMC_WriteFIFO   stm32h7xx_ll_sdmmc.o
    0x08008f0e   0x08008f0e   0x00000002   PAD
    0x08008f10   0x08008f10   0x000000e4   Code   RO         6289    i.SD_FindSCR        stm32h7xx_hal_sd.o
    0x08008ff4   0x08008ff4   0x000000f6   Code   RO         6290    i.SD_InitCard       stm32h7xx_hal_sd.o
    0x080090ea   0x080090ea   0x00000002   PAD
    0x080090ec   0x080090ec   0x0000009c   Code   RO          589    i.SD_MspInit        sdmmc.o
    0x08009188   0x08009188   0x000000b4   Code   RO         6291    i.SD_PowerON        stm32h7xx_hal_sd.o
    0x0800923c   0x0800923c   0x000000e4   Code   RO         6292    i.SD_SendSDStatus   stm32h7xx_hal_sd.o
    0x08009320   0x08009320   0x000000ec   Code   RO         6293    i.SD_SwitchSpeed    stm32h7xx_hal_sd.o
    0x0800940c   0x0800940c   0x0000000c   Code   RO         1211    i.SPI4_IRQHandler   stm32h7xx_it.o
    0x08009418   0x08009418   0x000000bc   Code   RO         6601    i.SPI_CloseTransfer  stm32h7xx_hal_spi.o
    0x080094d4   0x080094d4   0x0000001a   Code   RO         6602    i.SPI_DMAAbortOnError  stm32h7xx_hal_spi.o
    0x080094ee   0x080094ee   0x00000002   PAD
    0x080094f0   0x080094f0   0x000001bc   Code   RO          800    i.SPI_LCD_Init      spi.o
    0x080096ac   0x080096ac   0x00000046   Code   RO         6618    i.SPI_WaitOnFlagUntilTimeout  stm32h7xx_hal_spi.o
    0x080096f2   0x080096f2   0x00000002   Code   RO         1212    i.SVC_Handler       stm32h7xx_it.o
    0x080096f4   0x080096f4   0x0000000a   Code   RO         8640    i.SWAPBYTE          usbd_ctlreq.o
    0x080096fe   0x080096fe   0x00000004   Code   RO         1213    i.SysTick_Handler   stm32h7xx_it.o
    0x08009702   0x08009702   0x00000002   PAD
    0x08009704   0x08009704   0x000000c4   Code   RO           17    i.SystemClock_Config  main.o
    0x080097c8   0x080097c8   0x000000dc   Code   RO         8445    i.SystemInit        system_stm32h7xx.o
    0x080098a4   0x080098a4   0x0000000c   Code   RO         1214    i.TIM1_UP_IRQHandler  stm32h7xx_it.o
    0x080098b0   0x080098b0   0x000000cc   Code   RO         6994    i.TIM_Base_SetConfig  stm32h7xx_hal_tim.o
    0x0800997c   0x0800997c   0x00000012   Code   RO         7005    i.TIM_ETR_SetConfig  stm32h7xx_hal_tim.o
    0x0800998e   0x0800998e   0x00000002   PAD
    0x08009990   0x08009990   0x00000014   Code   RO         7006    i.TIM_ITRx_SetConfig  stm32h7xx_hal_tim.o
    0x080099a4   0x080099a4   0x00000022   Code   RO         7014    i.TIM_TI1_ConfigInputStage  stm32h7xx_hal_tim.o
    0x080099c6   0x080099c6   0x00000024   Code   RO         7016    i.TIM_TI2_ConfigInputStage  stm32h7xx_hal_tim.o
    0x080099ea   0x080099ea   0x00000002   PAD
    0x080099ec   0x080099ec   0x00000044   Code   RO         8340    i.UARTEx_SetNbDataToProcess  stm32h7xx_hal_uart_ex.o
    0x08009a30   0x08009a30   0x000000c8   Code   RO         7949    i.UART_AdvFeatureConfig  stm32h7xx_hal_uart.o
    0x08009af8   0x08009af8   0x000000aa   Code   RO         7950    i.UART_CheckIdleState  stm32h7xx_hal_uart.o
    0x08009ba2   0x08009ba2   0x00000010   Code   RO         7951    i.UART_DMAAbortOnError  stm32h7xx_hal_uart.o
    0x08009bb2   0x08009bb2   0x00000002   PAD
    0x08009bb4   0x08009bb4   0x00000054   Code   RO         7961    i.UART_EndRxTransfer  stm32h7xx_hal_uart.o
    0x08009c08   0x08009c08   0x000000c8   Code   RO         7963    i.UART_RxISR_16BIT  stm32h7xx_hal_uart.o
    0x08009cd0   0x08009cd0   0x000001a0   Code   RO         7964    i.UART_RxISR_16BIT_FIFOEN  stm32h7xx_hal_uart.o
    0x08009e70   0x08009e70   0x000000c8   Code   RO         7965    i.UART_RxISR_8BIT   stm32h7xx_hal_uart.o
    0x08009f38   0x08009f38   0x000001a0   Code   RO         7966    i.UART_RxISR_8BIT_FIFOEN  stm32h7xx_hal_uart.o
    0x0800a0d8   0x0800a0d8   0x000003ac   Code   RO         7967    i.UART_SetConfig    stm32h7xx_hal_uart.o
    0x0800a484   0x0800a484   0x00000110   Code   RO         7969    i.UART_Start_Receive_IT  stm32h7xx_hal_uart.o
    0x0800a594   0x0800a594   0x00000094   Code   RO         7974    i.UART_WaitOnFlagUntilTimeout  stm32h7xx_hal_uart.o
    0x0800a628   0x0800a628   0x0000000c   Code   RO         1215    i.USART1_IRQHandler  stm32h7xx_it.o
    0x0800a634   0x0800a634   0x0000000c   Code   RO         1216    i.USART2_IRQHandler  stm32h7xx_it.o
    0x0800a640   0x0800a640   0x00000076   Code   RO         8778    i.USBD_CDC_DataIn   usbd_cdc.o
    0x0800a6b6   0x0800a6b6   0x0000003c   Code   RO         8779    i.USBD_CDC_DataOut  usbd_cdc.o
    0x0800a6f2   0x0800a6f2   0x00000002   PAD
    0x0800a6f4   0x0800a6f4   0x00000090   Code   RO         8780    i.USBD_CDC_DeInit   usbd_cdc.o
    0x0800a784   0x0800a784   0x00000036   Code   RO         8781    i.USBD_CDC_EP0_RxReady  usbd_cdc.o
    0x0800a7ba   0x0800a7ba   0x00000002   PAD
    0x0800a7bc   0x0800a7bc   0x0000000c   Code   RO         8782    i.USBD_CDC_GetDeviceQualifierDescriptor  usbd_cdc.o
    0x0800a7c8   0x0800a7c8   0x00000040   Code   RO         8783    i.USBD_CDC_GetFSCfgDesc  usbd_cdc.o
    0x0800a808   0x0800a808   0x00000040   Code   RO         8784    i.USBD_CDC_GetHSCfgDesc  usbd_cdc.o
    0x0800a848   0x0800a848   0x00000040   Code   RO         8785    i.USBD_CDC_GetOtherSpeedCfgDesc  usbd_cdc.o
    0x0800a888   0x0800a888   0x0000011c   Code   RO         8786    i.USBD_CDC_Init     usbd_cdc.o
    0x0800a9a4   0x0800a9a4   0x00000038   Code   RO         8787    i.USBD_CDC_ReceivePacket  usbd_cdc.o
    0x0800a9dc   0x0800a9dc   0x00000016   Code   RO         8788    i.USBD_CDC_RegisterInterface  usbd_cdc.o
    0x0800a9f2   0x0800a9f2   0x0000001a   Code   RO         8789    i.USBD_CDC_SetRxBuffer  usbd_cdc.o
    0x0800aa0c   0x0800aa0c   0x0000001e   Code   RO         8790    i.USBD_CDC_SetTxBuffer  usbd_cdc.o
    0x0800aa2a   0x0800aa2a   0x000000ce   Code   RO         8791    i.USBD_CDC_Setup    usbd_cdc.o
    0x0800aaf8   0x0800aaf8   0x00000014   Code   RO         8481    i.USBD_ClrClassConfig  usbd_core.o
    0x0800ab0c   0x0800ab0c   0x00000004   Code   RO         8482    i.USBD_CoreFindEP   usbd_core.o
    0x0800ab10   0x0800ab10   0x00000004   Code   RO         8483    i.USBD_CoreFindIF   usbd_core.o
    0x0800ab14   0x0800ab14   0x00000010   Code   RO         8718    i.USBD_CtlContinueRx  usbd_ioreq.o
    0x0800ab24   0x0800ab24   0x00000010   Code   RO         8719    i.USBD_CtlContinueSendData  usbd_ioreq.o
    0x0800ab34   0x0800ab34   0x00000016   Code   RO         8641    i.USBD_CtlError     usbd_ctlreq.o
    0x0800ab4a   0x0800ab4a   0x0000001e   Code   RO         8720    i.USBD_CtlPrepareRx  usbd_ioreq.o
    0x0800ab68   0x0800ab68   0x00000016   Code   RO         8721    i.USBD_CtlReceiveStatus  usbd_ioreq.o
    0x0800ab7e   0x0800ab7e   0x0000001a   Code   RO         8722    i.USBD_CtlSendData  usbd_ioreq.o
    0x0800ab98   0x0800ab98   0x00000016   Code   RO         8723    i.USBD_CtlSendStatus  usbd_ioreq.o
    0x0800abae   0x0800abae   0x00000002   PAD
    0x0800abb0   0x0800abb0   0x00000020   Code   RO         1697    i.USBD_FS_ConfigStrDescriptor  usbd_desc.o
    0x0800abd0   0x0800abd0   0x0000000c   Code   RO         1698    i.USBD_FS_DeviceDescriptor  usbd_desc.o
    0x0800abdc   0x0800abdc   0x00000024   Code   RO         1699    i.USBD_FS_InterfaceStrDescriptor  usbd_desc.o
    0x0800ac00   0x0800ac00   0x0000000c   Code   RO         1700    i.USBD_FS_LangIDStrDescriptor  usbd_desc.o
    0x0800ac0c   0x0800ac0c   0x00000028   Code   RO         1701    i.USBD_FS_ManufacturerStrDescriptor  usbd_desc.o
    0x0800ac34   0x0800ac34   0x0000002c   Code   RO         1702    i.USBD_FS_ProductStrDescriptor  usbd_desc.o
    0x0800ac60   0x0800ac60   0x0000003c   Code   RO         1703    i.USBD_FS_SerialStrDescriptor  usbd_desc.o
    0x0800ac9c   0x0800ac9c   0x000000fa   Code   RO         8642    i.USBD_GetDescriptor  usbd_ctlreq.o
    0x0800ad96   0x0800ad96   0x0000003a   Code   RO         8485    i.USBD_GetEpDesc    usbd_core.o
    0x0800add0   0x0800add0   0x00000014   Code   RO         8643    i.USBD_GetLen       usbd_ctlreq.o
    0x0800ade4   0x0800ade4   0x0000000e   Code   RO         8486    i.USBD_GetNextDesc  usbd_core.o
    0x0800adf2   0x0800adf2   0x0000004e   Code   RO         8644    i.USBD_GetString    usbd_ctlreq.o
    0x0800ae40   0x0800ae40   0x00000018   Code   RO         1865    i.USBD_Get_USB_Status  usbd_conf.o
    0x0800ae58   0x0800ae58   0x00000026   Code   RO         8487    i.USBD_Init         usbd_core.o
    0x0800ae7e   0x0800ae7e   0x00000012   Code   RO         1866    i.USBD_LL_ClearStallEP  usbd_conf.o
    0x0800ae90   0x0800ae90   0x00000012   Code   RO         1867    i.USBD_LL_CloseEP   usbd_conf.o
    0x0800aea2   0x0800aea2   0x000000b8   Code   RO         8488    i.USBD_LL_DataInStage  usbd_core.o
    0x0800af5a   0x0800af5a   0x00000090   Code   RO         8489    i.USBD_LL_DataOutStage  usbd_core.o
    0x0800afea   0x0800afea   0x00000004   Code   RO         8490    i.USBD_LL_DevConnected  usbd_core.o
    0x0800afee   0x0800afee   0x00000020   Code   RO         8491    i.USBD_LL_DevDisconnected  usbd_core.o
    0x0800b00e   0x0800b00e   0x00000008   Code   RO         1871    i.USBD_LL_GetRxDataSize  usbd_conf.o
    0x0800b016   0x0800b016   0x00000002   PAD
    0x0800b018   0x0800b018   0x00000064   Code   RO         1872    i.USBD_LL_Init      usbd_conf.o
    0x0800b07c   0x0800b07c   0x0000001e   Code   RO         1873    i.USBD_LL_IsStallEP  usbd_conf.o
    0x0800b09a   0x0800b09a   0x00000028   Code   RO         8492    i.USBD_LL_IsoINIncomplete  usbd_core.o
    0x0800b0c2   0x0800b0c2   0x00000028   Code   RO         8493    i.USBD_LL_IsoOUTIncomplete  usbd_core.o
    0x0800b0ea   0x0800b0ea   0x00000018   Code   RO         1874    i.USBD_LL_OpenEP    usbd_conf.o
    0x0800b102   0x0800b102   0x00000012   Code   RO         1875    i.USBD_LL_PrepareReceive  usbd_conf.o
    0x0800b114   0x0800b114   0x0000005e   Code   RO         8494    i.USBD_LL_Reset     usbd_core.o
    0x0800b172   0x0800b172   0x00000014   Code   RO         8495    i.USBD_LL_Resume    usbd_core.o
    0x0800b186   0x0800b186   0x0000001a   Code   RO         8496    i.USBD_LL_SOF       usbd_core.o
    0x0800b1a0   0x0800b1a0   0x00000006   Code   RO         8497    i.USBD_LL_SetSpeed  usbd_core.o
    0x0800b1a6   0x0800b1a6   0x00000012   Code   RO         1876    i.USBD_LL_SetUSBAddress  usbd_conf.o
    0x0800b1b8   0x0800b1b8   0x00000060   Code   RO         8498    i.USBD_LL_SetupStage  usbd_core.o
    0x0800b218   0x0800b218   0x00000012   Code   RO         1877    i.USBD_LL_StallEP   usbd_conf.o
    0x0800b22a   0x0800b22a   0x00000012   Code   RO         1878    i.USBD_LL_Start     usbd_conf.o
    0x0800b23c   0x0800b23c   0x0000001a   Code   RO         8499    i.USBD_LL_Suspend   usbd_core.o
    0x0800b256   0x0800b256   0x00000012   Code   RO         1880    i.USBD_LL_Transmit  usbd_conf.o
    0x0800b268   0x0800b268   0x0000002a   Code   RO         8645    i.USBD_ParseSetupRequest  usbd_ctlreq.o
    0x0800b292   0x0800b292   0x0000003a   Code   RO         8500    i.USBD_RegisterClass  usbd_core.o
    0x0800b2cc   0x0800b2cc   0x00000014   Code   RO         8502    i.USBD_SetClassConfig  usbd_core.o
    0x0800b2e0   0x0800b2e0   0x000000bc   Code   RO         8646    i.USBD_SetConfig    usbd_ctlreq.o
    0x0800b39c   0x0800b39c   0x00000004   Code   RO         8503    i.USBD_Start        usbd_core.o
    0x0800b3a0   0x0800b3a0   0x0000012e   Code   RO         8647    i.USBD_StdDevReq    usbd_ctlreq.o
    0x0800b4ce   0x0800b4ce   0x00000164   Code   RO         8648    i.USBD_StdEPReq     usbd_ctlreq.o
    0x0800b632   0x0800b632   0x00000074   Code   RO         8649    i.USBD_StdItfReq    usbd_ctlreq.o
    0x0800b6a6   0x0800b6a6   0x00000002   Code   RO         1881    i.USBD_static_free  usbd_conf.o
    0x0800b6a8   0x0800b6a8   0x00000008   Code   RO         1882    i.USBD_static_malloc  usbd_conf.o
    0x0800b6b0   0x0800b6b0   0x00000080   Code   RO         2364    i.USB_ActivateEndpoint  stm32h7xx_ll_usb.o
    0x0800b730   0x0800b730   0x0000001c   Code   RO         2366    i.USB_ActivateSetup  stm32h7xx_ll_usb.o
    0x0800b74c   0x0800b74c   0x00000098   Code   RO         2368    i.USB_CoreInit      stm32h7xx_ll_usb.o
    0x0800b7e4   0x0800b7e4   0x0000003c   Code   RO         2369    i.USB_CoreReset     stm32h7xx_ll_usb.o
    0x0800b820   0x0800b820   0x000000cc   Code   RO         2372    i.USB_DeactivateEndpoint  stm32h7xx_ll_usb.o
    0x0800b8ec   0x0800b8ec   0x0000001c   Code   RO         2373    i.USB_DevConnect    stm32h7xx_ll_usb.o
    0x0800b908   0x0800b908   0x0000001c   Code   RO         2374    i.USB_DevDisconnect  stm32h7xx_ll_usb.o
    0x0800b924   0x0800b924   0x0000016c   Code   RO         2375    i.USB_DevInit       stm32h7xx_ll_usb.o
    0x0800ba90   0x0800ba90   0x0000000c   Code   RO         2376    i.USB_DisableGlobalInt  stm32h7xx_ll_usb.o
    0x0800ba9c   0x0800ba9c   0x00000058   Code   RO         2379    i.USB_EP0_OutStart  stm32h7xx_ll_usb.o
    0x0800baf4   0x0800baf4   0x00000058   Code   RO         2380    i.USB_EPClearStall  stm32h7xx_ll_usb.o
    0x0800bb4c   0x0800bb4c   0x00000058   Code   RO         2381    i.USB_EPSetStall    stm32h7xx_ll_usb.o
    0x0800bba4   0x0800bba4   0x00000240   Code   RO         2382    i.USB_EPStartXfer   stm32h7xx_ll_usb.o
    0x0800bde4   0x0800bde4   0x0000009e   Code   RO         2383    i.USB_EPStopXfer    stm32h7xx_ll_usb.o
    0x0800be82   0x0800be82   0x0000000c   Code   RO         2384    i.USB_EnableGlobalInt  stm32h7xx_ll_usb.o
    0x0800be8e   0x0800be8e   0x00000038   Code   RO         2385    i.USB_FlushRxFifo   stm32h7xx_ll_usb.o
    0x0800bec6   0x0800bec6   0x0000003c   Code   RO         2386    i.USB_FlushTxFifo   stm32h7xx_ll_usb.o
    0x0800bf02   0x0800bf02   0x0000001a   Code   RO         2388    i.USB_GetDevSpeed   stm32h7xx_ll_usb.o
    0x0800bf1c   0x0800bf1c   0x00000008   Code   RO         2390    i.USB_GetMode       stm32h7xx_ll_usb.o
    0x0800bf24   0x0800bf24   0x0000000e   Code   RO         2398    i.USB_ReadDevAllInEpInterrupt  stm32h7xx_ll_usb.o
    0x0800bf32   0x0800bf32   0x0000000e   Code   RO         2399    i.USB_ReadDevAllOutEpInterrupt  stm32h7xx_ll_usb.o
    0x0800bf40   0x0800bf40   0x00000024   Code   RO         2400    i.USB_ReadDevInEPInterrupt  stm32h7xx_ll_usb.o
    0x0800bf64   0x0800bf64   0x00000010   Code   RO         2401    i.USB_ReadDevOutEPInterrupt  stm32h7xx_ll_usb.o
    0x0800bf74   0x0800bf74   0x00000008   Code   RO         2402    i.USB_ReadInterrupts  stm32h7xx_ll_usb.o
    0x0800bf7c   0x0800bf7c   0x00000040   Code   RO         2403    i.USB_ReadPacket    stm32h7xx_ll_usb.o
    0x0800bfbc   0x0800bfbc   0x0000005e   Code   RO         2405    i.USB_SetCurrentMode  stm32h7xx_ll_usb.o
    0x0800c01a   0x0800c01a   0x00000022   Code   RO         2406    i.USB_SetDevAddress  stm32h7xx_ll_usb.o
    0x0800c03c   0x0800c03c   0x000000e8   Code   RO         2408    i.USB_SetTurnaroundTime  stm32h7xx_ll_usb.o
    0x0800c124   0x0800c124   0x00000028   Code   RO         2411    i.USB_WritePacket   stm32h7xx_ll_usb.o
    0x0800c14c   0x0800c14c   0x00000002   Code   RO         1217    i.UsageFault_Handler  stm32h7xx_it.o
    0x0800c14e   0x0800c14e   0x00000002   PAD
    0x0800c150   0x0800c150   0x00000028   Code   RO         9179    i.__0sprintf        mc_w.l(printfa.o)
    0x0800c178   0x0800c178   0x00000022   Code   RO         4016    i.__NVIC_SetPriority  stm32h7xx_hal_cortex.o
    0x0800c19a   0x0800c19a   0x00000006   PAD
    0x0800c1a0   0x0800c1a0   0x0000023c   Code   RO         8905    i.__hardfp_log      m_wv.l(log.o)
    0x0800c3dc   0x0800c3dc   0x00000070   Code   RO         9242    i.__kernel_poly     m_wv.l(poly.o)
    0x0800c44c   0x0800c44c   0x00000004   PAD
    0x0800c450   0x0800c450   0x00000020   Code   RO         9222    i.__mathlib_dbl_divzero  m_wv.l(dunder.o)
    0x0800c470   0x0800c470   0x00000006   Code   RO         9223    i.__mathlib_dbl_infnan  m_wv.l(dunder.o)
    0x0800c476   0x0800c476   0x00000002   PAD
    0x0800c478   0x0800c478   0x00000018   Code   RO         9225    i.__mathlib_dbl_invalid  m_wv.l(dunder.o)
    0x0800c490   0x0800c490   0x0000000e   Code   RO         9311    i.__scatterload_copy  mc_w.l(handlers.o)
    0x0800c49e   0x0800c49e   0x00000002   Code   RO         9312    i.__scatterload_null  mc_w.l(handlers.o)
    0x0800c4a0   0x0800c4a0   0x0000000e   Code   RO         9313    i.__scatterload_zeroinit  mc_w.l(handlers.o)
    0x0800c4ae   0x0800c4ae   0x00000002   PAD
    0x0800c4b0   0x0800c4b0   0x0000000c   Code   RO         9283    i.__set_errno       mc_w.l(errno.o)
    0x0800c4bc   0x0800c4bc   0x00000184   Code   RO         9184    i._fp_digits        mc_w.l(printfa.o)
    0x0800c640   0x0800c640   0x000006b4   Code   RO         9185    i._printf_core      mc_w.l(printfa.o)
    0x0800ccf4   0x0800ccf4   0x00000024   Code   RO         9186    i._printf_post_padding  mc_w.l(printfa.o)
    0x0800cd18   0x0800cd18   0x0000002e   Code   RO         9187    i._printf_pre_padding  mc_w.l(printfa.o)
    0x0800cd46   0x0800cd46   0x0000000a   Code   RO         9189    i._sputc            mc_w.l(printfa.o)
    0x0800cd50   0x0800cd50   0x0000007c   Code   RO          386    i.atk_ntc_get_temp  adc.o
    0x0800cdcc   0x0800cdcc   0x000002e4   Code   RO           18    i.main              main.o
    0x0800d0b0   0x0800d0b0   0x0000005e   Code   RO           19    i.sendBinaryData    main.o
    0x0800d10e   0x0800d10e   0x000011d0   Data   RO         1357    .constdata          lcd_fonts.o
    0x0800e2de   0x0800e2de   0x00000ed8   Data   RO         1358    .constdata          lcd_fonts.o
    0x0800f1b6   0x0800f1b6   0x00000008   Data   RO         3305    .constdata          stm32h7xx_hal_dma.o
    0x0800f1be   0x0800f1be   0x00000018   Data   RO         7975    .constdata          stm32h7xx_hal_uart.o
    0x0800f1d6   0x0800f1d6   0x00000010   Data   RO         8341    .constdata          stm32h7xx_hal_uart_ex.o
    0x0800f1e6   0x0800f1e6   0x00000010   Data   RO         8446    .constdata          system_stm32h7xx.o
    0x0800f1f6   0x0800f1f6   0x00000002   PAD
    0x0800f1f8   0x0800f1f8   0x00000038   Data   RO         8908    .constdata          m_wv.l(log.o)
    0x0800f230   0x0800f230   0x00000008   Data   RO         9244    .constdata          m_wv.l(qnan.o)
    0x0800f238   0x0800f238   0x00000020   Data   RO         9309    Region$$Table       anon$$obj.o


    Execution Region RW_IRAM1 (Exec base: 0x20000000, Load base: 0x0800f258, Size: 0x00003040, Max: 0x00020000, ABSOLUTE, COMPRESSED[0x000000d0])

    Exec Addr    Load Addr    Size         Type   Attr      Idx    E Section Name        Object

    0x20000000   COMPRESSED   0x00000015   Data   RW           23    .data               main.o
    0x20000015   COMPRESSED   0x00000003   PAD
    0x20000018   COMPRESSED   0x00000020   Data   RW          808    .data               spi.o
    0x20000038   COMPRESSED   0x0000000c   Data   RW         1367    .data               lcd_fonts.o
    0x20000044   COMPRESSED   0x0000000c   Data   RW         1368    .data               lcd_fonts.o
    0x20000050   COMPRESSED   0x00000002   Data   RW         1620    .data               key.o
    0x20000052   COMPRESSED   0x00000002   PAD
    0x20000054   COMPRESSED   0x00000020   Data   RW         1705    .data               usbd_desc.o
    0x20000074   COMPRESSED   0x00000032   Data   RW         1706    .data               usbd_desc.o
    0x200000a6   COMPRESSED   0x00000002   PAD
    0x200000a8   COMPRESSED   0x00000014   Data   RW         1791    .data               usbd_cdc_if.o
    0x200000bc   COMPRESSED   0x0000000c   Data   RW         4196    .data               stm32h7xx_hal.o
    0x200000c8   COMPRESSED   0x00000008   Data   RW         8447    .data               system_stm32h7xx.o
    0x200000d0   COMPRESSED   0x00000001   Data   RW         8650    .data               usbd_ctlreq.o
    0x200000d1   COMPRESSED   0x00000003   PAD
    0x200000d4   COMPRESSED   0x00000053   Data   RW         8793    .data               usbd_cdc.o
    0x20000127   COMPRESSED   0x00000001   PAD
    0x20000128   COMPRESSED   0x00000038   Data   RW         8794    .data               usbd_cdc.o
    0x20000160   COMPRESSED   0x00000004   Data   RW         9284    .data               mc_w.l(errno.o)
    0x20000164        -       0x00000200   Zero   RW           21    .bss                main.o
    0x20000364        -       0x000000c8   Zero   RW          387    .bss                adc.o
    0x2000042c        -       0x00000024   Zero   RW          524    .bss                rtc.o
    0x20000450        -       0x0000007c   Zero   RW          590    .bss                sdmmc.o
    0x200004cc        -       0x0000007c   Zero   RW          591    .bss                sdmmc.o
    0x20000548        -       0x00000898   Zero   RW          807    .bss                spi.o
    0x20000de0        -       0x0000004c   Zero   RW         1106    .bss                tim.o
    0x20000e2c        -       0x00000218   Zero   RW         1150    .bss                usart.o
    0x20001044        -       0x000002dc   Zero   RW         1655    .bss                usb_device.o
    0x20001320        -       0x00000200   Zero   RW         1704    .bss                usbd_desc.o
    0x20001520        -       0x00001000   Zero   RW         1790    .bss                usbd_cdc_if.o
    0x20002520        -       0x00000704   Zero   RW         1883    .bss                usbd_conf.o
    0x20002c24        -       0x0000001c   Zero   RW         2968    .bss                stm32h7xx_hal_flash.o
    0x20002c40        -       0x00000400   Zero   RW            1    STACK               startup_stm32h750xx.o


==============================================================================

Image component sizes


      Code (inc. data)   RO Data    RW Data    ZI Data      Debug   Object Name

      1204        116          0          0        200       8636   adc.o
        60          4          0          0          0        810   dma.o
       200         14          0          0          0       1051   gpio.o
       140         16          0          2          0       1607   key.o
         0          0       8360         24          0       1963   lcd_fonts.o
      1370        192          0         21        512    1467197   main.o
       124         18          0          0         36       1651   rtc.o
       584         60          0          0        248       6995   sdmmc.o
      2262        184          0         32       2200      18199   spi.o
        36          8        664          0       1024        848   startup_stm32h750xx.o
       248         48          0         12          0      24156   stm32h7xx_hal.o
      3036        278          0          0          0      76290   stm32h7xx_hal_adc.o
       460         32          0          0          0      64349   stm32h7xx_hal_adc_ex.o
       354         28          0          0          0      41897   stm32h7xx_hal_cortex.o
      4776        180          8          0          0       9815   stm32h7xx_hal_dma.o
       208         10          0          0         28      12046   stm32h7xx_hal_flash.o
        36          4          0          0          0       2577   stm32h7xx_hal_flash_ex.o
       592         50          0          0          0       3572   stm32h7xx_hal_gpio.o
        44          4          0          0          0        866   stm32h7xx_hal_msp.o
      2630         16          0          0          0      13900   stm32h7xx_hal_pcd.o
       120          6          0          0          0       3247   stm32h7xx_hal_pcd_ex.o
        16          4          0          0          0        559   stm32h7xx_hal_pwr.o
       100         10          0          0          0       1382   stm32h7xx_hal_pwr_ex.o
      2466        102          0          0          0       7156   stm32h7xx_hal_rcc.o
      4776        174          0          0          0      10583   stm32h7xx_hal_rcc_ex.o
       370         18          0          0          0       3741   stm32h7xx_hal_rtc.o
      3786         80          0          0          0      20216   stm32h7xx_hal_sd.o
      1782         18          0          0          0       9514   stm32h7xx_hal_spi.o
      1138         84          0          0          0      10569   stm32h7xx_hal_tim.o
       170         30          0          0          0       3188   stm32h7xx_hal_tim_ex.o
      4274        190         24          0          0      36733   stm32h7xx_hal_uart.o
       368          6         16          0          0       6436   stm32h7xx_hal_uart_ex.o
       120         48          0          0          0       8632   stm32h7xx_it.o
      1738         72          0          0          0      24115   stm32h7xx_ll_sdmmc.o
      2716        116          0          0          0      23704   stm32h7xx_ll_usb.o
       220         40         16          8          0       1422   system_stm32h7xx.o
       172         20          0          0         76       1754   tim.o
       708         74          0          0        536       3707   usart.o
       120         16          0          0        732       8583   usb_device.o
      1204         36          0        139          0      13887   usbd_cdc.o
        72         16          0         20       4096       3470   usbd_cdc_if.o
       674         30          0          0       1796      17252   usbd_conf.o
       932          0          0          0          0      15759   usbd_core.o
      1384         22          0          1          0      15604   usbd_ctlreq.o
       292        106          0         82        512       6417   usbd_desc.o
       132          0          0          0          0       4636   usbd_ioreq.o

    ----------------------------------------------------------------------
     48298       2580       9122        352      11996    2020691   Object Totals
         0          0         32          0          0          0   (incl. Generated)
        84          0          2         11          0          0   (incl. Padding)

    ----------------------------------------------------------------------

      Code (inc. data)   RO Data    RW Data    ZI Data      Debug   Library Member Name

        62         32          0          0          0        348   dunder.o
       572         92         56          0          0        312   log.o
       112          0          0          0          0        116   poly.o
         0          0          8          0          0          0   qnan.o
        86          0          0          0          0          0   __dczerorl2.o
         0          0          0          0          0          0   entry.o
         0          0          0          0          0          0   entry10a.o
         0          0          0          0          0          0   entry11a.o
         4          0          0          0          0          0   entry12b.o
         8          4          0          0          0          0   entry2.o
         4          0          0          0          0          0   entry5.o
         0          0          0          0          0          0   entry7b.o
         0          0          0          0          0          0   entry8b.o
         8          4          0          0          0          0   entry9a.o
        12          6          0          4          0         68   errno.o
        30          0          0          0          0          0   handlers.o
        36          8          0          0          0         68   init.o
         0          0          0          0          0          0   iusefp.o
        30          0          0          0          0         68   llshl.o
        36          0          0          0          0         68   llsshr.o
        32          0          0          0          0         68   llushr.o
        36          0          0          0          0         68   memcpya.o
        36          0          0          0          0        108   memseta.o
      2236         86          0          0          0        532   printfa.o
        44          0          0          0          0         80   uidiv.o
        98          0          0          0          0         92   uldiv.o
        48          0          0          0          0         68   cdrcmple.o
       334          0          0          0          0        148   dadd.o
       222          0          0          0          0        100   ddiv.o
       186          0          0          0          0        176   depilogue.o
        48          0          0          0          0         68   dfixul.o
       228          0          0          0          0         96   dmul.o

    ----------------------------------------------------------------------
      4556        232         64          4          0       2652   Library Totals
         8          0          0          0          0          0   (incl. Padding)

    ----------------------------------------------------------------------

      Code (inc. data)   RO Data    RW Data    ZI Data      Debug   Library Name

       746        124         64          0          0        776   m_wv.l
      2736        108          0          4          0       1220   mc_w.l
      1066          0          0          0          0        656   mf_w.l

    ----------------------------------------------------------------------
      4556        232         64          4          0       2652   Library Totals

    ----------------------------------------------------------------------

==============================================================================


      Code (inc. data)   RO Data    RW Data    ZI Data      Debug   

     52854       2812       9186        356      11996    1984091   Grand Totals
     52854       2812       9186        208      11996    1984091   ELF Image Totals (compressed)
     52854       2812       9186        208          0          0   ROM Totals

==============================================================================

    Total RO  Size (Code + RO Data)                62040 (  60.59kB)
    Total RW  Size (RW Data + ZI Data)             12352 (  12.06kB)
    Total ROM Size (Code + RO Data + RW Data)      62248 (  60.79kB)

==============================================================================

